../Drivers/CMSIS/Include/core_cm7.h:2147:34:__NVIC_SystemReset	4	static,ignoring_inline_asm
../Drivers/CMSIS/Include/core_cm7.h:2229:22:SCB_EnableICache	4	static,ignoring_inline_asm
../Drivers/CMSIS/Include/core_cm7.h:2281:22:SCB_EnableDCache	24	static,ignoring_inline_asm
../Core/Src/main.c:102:5:main	16	static
../Core/Src/main.c:283:6:SystemClock_Config	88	static
../Core/Src/main.c:341:13:MX_CRC_Init	8	static
../Core/Src/main.c:372:13:MX_DMA2D_Init	8	static
../Core/Src/main.c:409:13:MX_SDMMC1_SD_Init	4	static
../Core/Src/main.c:437:13:MX_GPIO_Init	48	static
../Core/Src/main.c:461:6:mySD_Init	8	static
../Core/Src/main.c:475:6:mySD_Mount	8	static
../Core/Src/main.c:490:6:read_file	32	static
../Core/Src/main.c:511:6:save_data_file	32	static
../Core/Src/main.c:528:6:soal1	48	static
../Core/Src/main.c:552:6:soal2	48	static
../Core/Src/main.c:577:6:soal3	56	static
../Core/Src/main.c:632:6:soal4	56	static
../Core/Src/main.c:666:6:soal5	56	static
../Core/Src/main.c:707:6:reset	8	static
../Core/Src/main.c:717:6:error1	8	static
../Core/Src/main.c:729:6:Error_Handler	4	static,ignoring_inline_asm
