Archive member included to satisfy reference by file (symbol)

/opt/st/stm32cubeide_1.9.0/plugins/com.st.stm32cube.ide.mcu.externaltools.gnu-tools-for-stm32.10.3-2021.10.linux64_1.0.0.202111181127/tools/bin/../lib/gcc/arm-none-eabi/10.3.1/../../../../arm-none-eabi/lib/thumb/v7e-m+fp/hard/libc_nano.a(lib_a-atoi.o)
                              ./Core/Src/main.o (atoi)
/opt/st/stm32cubeide_1.9.0/plugins/com.st.stm32cube.ide.mcu.externaltools.gnu-tools-for-stm32.10.3-2021.10.linux64_1.0.0.202111181127/tools/bin/../lib/gcc/arm-none-eabi/10.3.1/../../../../arm-none-eabi/lib/thumb/v7e-m+fp/hard/libc_nano.a(lib_a-errno.o)
                              ./Core/Src/syscalls.o (__errno)
/opt/st/stm32cubeide_1.9.0/plugins/com.st.stm32cube.ide.mcu.externaltools.gnu-tools-for-stm32.10.3-2021.10.linux64_1.0.0.202111181127/tools/bin/../lib/gcc/arm-none-eabi/10.3.1/../../../../arm-none-eabi/lib/thumb/v7e-m+fp/hard/libc_nano.a(lib_a-exit.o)
                              /opt/st/stm32cubeide_1.9.0/plugins/com.st.stm32cube.ide.mcu.externaltools.gnu-tools-for-stm32.10.3-2021.10.linux64_1.0.0.202111181127/tools/bin/../lib/gcc/arm-none-eabi/10.3.1/../../../../arm-none-eabi/lib/thumb/v7e-m+fp/hard/crt0.o (exit)
/opt/st/stm32cubeide_1.9.0/plugins/com.st.stm32cube.ide.mcu.externaltools.gnu-tools-for-stm32.10.3-2021.10.linux64_1.0.0.202111181127/tools/bin/../lib/gcc/arm-none-eabi/10.3.1/../../../../arm-none-eabi/lib/thumb/v7e-m+fp/hard/libc_nano.a(lib_a-impure.o)
                              /opt/st/stm32cubeide_1.9.0/plugins/com.st.stm32cube.ide.mcu.externaltools.gnu-tools-for-stm32.10.3-2021.10.linux64_1.0.0.202111181127/tools/bin/../lib/gcc/arm-none-eabi/10.3.1/../../../../arm-none-eabi/lib/thumb/v7e-m+fp/hard/libc_nano.a(lib_a-exit.o) (_global_impure_ptr)
/opt/st/stm32cubeide_1.9.0/plugins/com.st.stm32cube.ide.mcu.externaltools.gnu-tools-for-stm32.10.3-2021.10.linux64_1.0.0.202111181127/tools/bin/../lib/gcc/arm-none-eabi/10.3.1/../../../../arm-none-eabi/lib/thumb/v7e-m+fp/hard/libc_nano.a(lib_a-init.o)
                              /opt/st/stm32cubeide_1.9.0/plugins/com.st.stm32cube.ide.mcu.externaltools.gnu-tools-for-stm32.10.3-2021.10.linux64_1.0.0.202111181127/tools/bin/../lib/gcc/arm-none-eabi/10.3.1/../../../../arm-none-eabi/lib/thumb/v7e-m+fp/hard/crt0.o (__libc_init_array)
/opt/st/stm32cubeide_1.9.0/plugins/com.st.stm32cube.ide.mcu.externaltools.gnu-tools-for-stm32.10.3-2021.10.linux64_1.0.0.202111181127/tools/bin/../lib/gcc/arm-none-eabi/10.3.1/../../../../arm-none-eabi/lib/thumb/v7e-m+fp/hard/libc_nano.a(lib_a-malloc.o)
                              ./Core/Src/main.o (malloc)
/opt/st/stm32cubeide_1.9.0/plugins/com.st.stm32cube.ide.mcu.externaltools.gnu-tools-for-stm32.10.3-2021.10.linux64_1.0.0.202111181127/tools/bin/../lib/gcc/arm-none-eabi/10.3.1/../../../../arm-none-eabi/lib/thumb/v7e-m+fp/hard/libc_nano.a(lib_a-memset.o)
                              /opt/st/stm32cubeide_1.9.0/plugins/com.st.stm32cube.ide.mcu.externaltools.gnu-tools-for-stm32.10.3-2021.10.linux64_1.0.0.202111181127/tools/bin/../lib/gcc/arm-none-eabi/10.3.1/../../../../arm-none-eabi/lib/thumb/v7e-m+fp/hard/crt0.o (memset)
/opt/st/stm32cubeide_1.9.0/plugins/com.st.stm32cube.ide.mcu.externaltools.gnu-tools-for-stm32.10.3-2021.10.linux64_1.0.0.202111181127/tools/bin/../lib/gcc/arm-none-eabi/10.3.1/../../../../arm-none-eabi/lib/thumb/v7e-m+fp/hard/libc_nano.a(lib_a-nano-freer.o)
                              /opt/st/stm32cubeide_1.9.0/plugins/com.st.stm32cube.ide.mcu.externaltools.gnu-tools-for-stm32.10.3-2021.10.linux64_1.0.0.202111181127/tools/bin/../lib/gcc/arm-none-eabi/10.3.1/../../../../arm-none-eabi/lib/thumb/v7e-m+fp/hard/libc_nano.a(lib_a-malloc.o) (_free_r)
/opt/st/stm32cubeide_1.9.0/plugins/com.st.stm32cube.ide.mcu.externaltools.gnu-tools-for-stm32.10.3-2021.10.linux64_1.0.0.202111181127/tools/bin/../lib/gcc/arm-none-eabi/10.3.1/../../../../arm-none-eabi/lib/thumb/v7e-m+fp/hard/libc_nano.a(lib_a-nano-mallocr.o)
                              /opt/st/stm32cubeide_1.9.0/plugins/com.st.stm32cube.ide.mcu.externaltools.gnu-tools-for-stm32.10.3-2021.10.linux64_1.0.0.202111181127/tools/bin/../lib/gcc/arm-none-eabi/10.3.1/../../../../arm-none-eabi/lib/thumb/v7e-m+fp/hard/libc_nano.a(lib_a-malloc.o) (_malloc_r)
/opt/st/stm32cubeide_1.9.0/plugins/com.st.stm32cube.ide.mcu.externaltools.gnu-tools-for-stm32.10.3-2021.10.linux64_1.0.0.202111181127/tools/bin/../lib/gcc/arm-none-eabi/10.3.1/../../../../arm-none-eabi/lib/thumb/v7e-m+fp/hard/libc_nano.a(lib_a-sbrkr.o)
                              /opt/st/stm32cubeide_1.9.0/plugins/com.st.stm32cube.ide.mcu.externaltools.gnu-tools-for-stm32.10.3-2021.10.linux64_1.0.0.202111181127/tools/bin/../lib/gcc/arm-none-eabi/10.3.1/../../../../arm-none-eabi/lib/thumb/v7e-m+fp/hard/libc_nano.a(lib_a-nano-mallocr.o) (_sbrk_r)
[...]
Memory Configuration

Name             Origin             Length             Attributes
RAM              0x0000000020000000 0x0000000000050000 xrw
FLASH            0x0000000008000000 0x0000000000100000 xr
*default*        0x0000000000000000 0xffffffffffffffff

Linker script and memory map

LOAD /opt/st/stm32cubeide_1.9.0/plugins/com.st.stm32cube.ide.mcu.externaltools.gnu-tools-for-stm32.10.3-2021.10.linux64_1.0.0.202111181127/tools/bin/../lib/gcc/arm-none-eabi/10.3.1/thumb/v7e-m+fp/hard/crti.o
LOAD /opt/st/stm32cubeide_1.9.0/plugins/com.st.stm32cube.ide.mcu.externaltools.gnu-tools-for-stm32.10.3-2021.10.linux64_1.0.0.202111181127/tools/bin/../lib/gcc/arm-none-eabi/10.3.1/thumb/v7e-m+fp/hard/crtbegin.o
LOAD /opt/st/stm32cubeide_1.9.0/plugins/com.st.stm32cube.ide.mcu.externaltools.gnu-tools-for-stm32.10.3-2021.10.linux64_1.0.0.202111181127/tools/bin/../lib/gcc/arm-none-eabi/10.3.1/../../../../arm-none-eabi/lib/thumb/v7e-m+fp/hard/crt0.o
LOAD ./Core/Src/main.o
LOAD ./Core/Src/stm32f7xx_hal_ltdc.o
LOAD ./Core/Src/stm32f7xx_hal_ltdc_ex.o
LOAD ./Core/Src/stm32f7xx_hal_msp.o
LOAD ./Core/Src/stm32f7xx_hal_sdram.o
LOAD ./Core/Src/stm32f7xx_hal_timebase_tim.o
LOAD ./Core/Src/stm32f7xx_hal_uart.o
LOAD ./Core/Src/stm32f7xx_it.o
LOAD ./Core/Src/stm32f7xx_ll_fmc.o
LOAD ./Core/Src/syscalls.o
LOAD ./Core/Src/sysmem.o
LOAD ./Core/Src/system_stm32f7xx.o
LOAD ./Core/Startup/startup_stm32f746nghx.o
LOAD ./Drivers/STM32F7xx_HAL_Driver/Src/stm32f7xx_hal.o
LOAD ./Drivers/STM32F7xx_HAL_Driver/Src/stm32f7xx_hal_cortex.o
LOAD ./Drivers/STM32F7xx_HAL_Driver/Src/stm32f7xx_hal_crc.o
LOAD ./Drivers/STM32F7xx_HAL_Driver/Src/stm32f7xx_hal_crc_ex.o
LOAD ./Drivers/STM32F7xx_HAL_Driver/Src/stm32f7xx_hal_dma.o
LOAD ./Drivers/STM32F7xx_HAL_Driver/Src/stm32f7xx_hal_dma2d.o
LOAD ./Drivers/STM32F7xx_HAL_Driver/Src/stm32f7xx_hal_dma_ex.o
LOAD ./Drivers/STM32F7xx_HAL_Driver/Src/stm32f7xx_hal_exti.o
LOAD ./Drivers/STM32F7xx_HAL_Driver/Src/stm32f7xx_hal_flash.o
LOAD ./Drivers/STM32F7xx_HAL_Driver/Src/stm32f7xx_hal_flash_ex.o
LOAD ./Drivers/STM32F7xx_HAL_Driver/Src/stm32f7xx_hal_gpio.o
LOAD ./Drivers/STM32F7xx_HAL_Driver/Src/stm32f7xx_hal_i2c.o
LOAD ./Drivers/STM32F7xx_HAL_Driver/Src/stm32f7xx_hal_i2c_ex.o
LOAD ./Drivers/STM32F7xx_HAL_Driver/Src/stm32f7xx_hal_pwr.o
LOAD ./Drivers/STM32F7xx_HAL_Driver/Src/stm32f7xx_hal_pwr_ex.o
LOAD ./Drivers/STM32F7xx_HAL_Driver/Src/stm32f7xx_hal_rcc.o
LOAD ./Drivers/STM32F7xx_HAL_Driver/Src/stm32f7xx_hal_rcc_ex.o
LOAD ./Drivers/STM32F7xx_HAL_Driver/Src/stm32f7xx_hal_sd.o
LOAD ./Drivers/STM32F7xx_HAL_Driver/Src/stm32f7xx_hal_tim.o
LOAD ./Drivers/STM32F7xx_HAL_Driver/Src/stm32f7xx_hal_tim_ex.o
LOAD ./Drivers/STM32F7xx_HAL_Driver/Src/stm32f7xx_ll_sdmmc.o
LOAD ./FATFS/App/fatfs.o
LOAD ./FATFS/Target/bsp_driver_sd.o
LOAD ./FATFS/Target/sd_diskio.o
LOAD ./GUI files/font12.o
LOAD ./GUI files/font16.o
LOAD ./GUI files/font20.o
LOAD ./GUI files/font24.o
LOAD ./GUI files/font8.o
LOAD ./GUI files/ft5336.o
LOAD ./GUI files/stm32746g_discovery.o
LOAD ./GUI files/stm32746g_discovery_lcd.o
LOAD ./GUI files/stm32746g_discovery_sdram.o
LOAD ./GUI files/stm32746g_discovery_ts.o
LOAD ./Middlewares/Third_Party/FatFs/src/diskio.o
LOAD ./Middlewares/Third_Party/FatFs/src/ff.o
LOAD ./Middlewares/Third_Party/FatFs/src/ff_gen_drv.o
LOAD ./Middlewares/Third_Party/FatFs/src/option/syscall.o
START GROUP
LOAD /opt/st/stm32cubeide_1.9.0/plugins/com.st.stm32cube.ide.mcu.externaltools.gnu-tools-for-stm32.10.3-2021.10.linux64_1.0.0.202111181127/tools/bin/../lib/gcc/arm-none-eabi/10.3.1/../../../../arm-none-eabi/lib/thumb/v7e-m+fp/hard/libc_nano.a
LOAD /opt/st/stm32cubeide_1.9.0/plugins/com.st.stm32cube.ide.mcu.externaltools.gnu-tools-for-stm32.10.3-2021.10.linux64_1.0.0.202111181127/tools/bin/../lib/gcc/arm-none-eabi/10.3.1/../../../../arm-none-eabi/lib/thumb/v7e-m+fp/hard/libm.a
END GROUP
START GROUP
LOAD /opt/st/stm32cubeide_1.9.0/plugins/com.st.stm32cube.ide.mcu.externaltools.gnu-tools-for-stm32.10.3-2021.10.linux64_1.0.0.202111181127/tools/bin/../lib/gcc/arm-none-eabi/10.3.1/thumb/v7e-m+fp/hard/libgcc.a
LOAD /opt/st/stm32cubeide_1.9.0/plugins/com.st.stm32cube.ide.mcu.externaltools.gnu-tools-for-stm32.10.3-2021.10.linux64_1.0.0.202111181127/tools/bin/../lib/gcc/arm-none-eabi/10.3.1/../../../../arm-none-eabi/lib/thumb/v7e-m+fp/hard/libc_nano.a
END GROUP
START GROUP
LOAD /opt/st/stm32cubeide_1.9.0/plugins/com.st.stm32cube.ide.mcu.externaltools.gnu-tools-for-stm32.10.3-2021.10.linux64_1.0.0.202111181127/tools/bin/../lib/gcc/arm-none-eabi/10.3.1/thumb/v7e-m+fp/hard/libgcc.a
LOAD /opt/st/stm32cubeide_1.9.0/plugins/com.st.stm32cube.ide.mcu.externaltools.gnu-tools-for-stm32.10.3-2021.10.linux64_1.0.0.202111181127/tools/bin/../lib/gcc/arm-none-eabi/10.3.1/../../../../arm-none-eabi/lib/thumb/v7e-m+fp/hard/libc_nano.a
LOAD /opt/st/stm32cubeide_1.9.0/plugins/com.st.stm32cube.ide.mcu.externaltools.gnu-tools-for-stm32.10.3-2021.10.linux64_1.0.0.202111181127/tools/bin/../lib/gcc/arm-none-eabi/10.3.1/../../../../arm-none-eabi/lib/thumb/v7e-m+fp/hard/libnosys.a
END GROUP
START GROUP
LOAD /opt/st/stm32cubeide_1.9.0/plugins/com.st.stm32cube.ide.mcu.externaltools.gnu-tools-for-stm32.10.3-2021.10.linux64_1.0.0.202111181127/tools/bin/../lib/gcc/arm-none-eabi/10.3.1/thumb/v7e-m+fp/hard/libgcc.a
LOAD /opt/st/stm32cubeide_1.9.0/plugins/com.st.stm32cube.ide.mcu.externaltools.gnu-tools-for-stm32.10.3-2021.10.linux64_1.0.0.202111181127/tools/bin/../lib/gcc/arm-none-eabi/10.3.1/../../../../arm-none-eabi/lib/thumb/v7e-m+fp/hard/libc_nano.a
LOAD /opt/st/stm32cubeide_1.9.0/plugins/com.st.stm32cube.ide.mcu.externaltools.gnu-tools-for-stm32.10.3-2021.10.linux64_1.0.0.202111181127/tools/bin/../lib/gcc/arm-none-eabi/10.3.1/../../../../arm-none-eabi/lib/thumb/v7e-m+fp/hard/libnosys.a
END GROUP
LOAD /opt/st/stm32cubeide_1.9.0/plugins/com.st.stm32cube.ide.mcu.externaltools.gnu-tools-for-stm32.10.3-2021.10.linux64_1.0.0.202111181127/tools/bin/../lib/gcc/arm-none-eabi/10.3.1/thumb/v7e-m+fp/hard/crtend.o
LOAD /opt/st/stm32cubeide_1.9.0/plugins/com.st.stm32cube.ide.mcu.externaltools.gnu-tools-for-stm32.10.3-2021.10.linux64_1.0.0.202111181127/tools/bin/../lib/gcc/arm-none-eabi/10.3.1/thumb/v7e-m+fp/hard/crtn.o
                0x0000000020050000                _estack = (ORIGIN (RAM) + LENGTH (RAM))
                0x0000000000000400                _Min_Heap_Size = 0x400
                0x0000000000000800                _Min_Stack_Size = 0x800

.isr_vector     0x0000000008000000      0x1c8
                0x0000000008000000                . = ALIGN (0x4)
 *(.isr_vector)
 .isr_vector    0x0000000008000000      0x1c8 ./Core/Startup/startup_stm32f746nghx.o
                0x0000000008000000                g_pfnVectors
                0x00000000080001c8                . = ALIGN (0x4)

.text           0x00000000080001d0     0xb880
                0x00000000080001d0                . = ALIGN (0x4)
 *(.text)
 .text          0x00000000080001d0       0x40 /opt/st/stm32cubeide_1.9.0/plugins/com.st.stm32cube.ide.mcu.externaltools.gnu-tools-for-stm32.10.3-2021.10.linux64_1.0.0.202111181127/tools/bin/../lib/gcc/arm-none-eabi/10.3.1/thumb/v7e-m+fp/hard/crtbegin.o
 .text          0x0000000008000210       0xa0 /opt/st/stm32cubeide_1.9.0/plugins/com.st.stm32cube.ide.mcu.externaltools.gnu-tools-for-stm32.10.3-2021.10.linux64_1.0.0.202111181127/tools/bin/../lib/gcc/arm-none-eabi/10.3.1/../../../../arm-none-eabi/lib/thumb/v7e-m+fp/hard/libc_nano.a(lib_a-memchr.o)
                0x0000000008000210                memchr
 .text          0x00000000080002b0       0x30 /opt/st/stm32cubeide_1.9.0/plugins/com.st.stm32cube.ide.mcu.externaltools.gnu-tools-for-stm32.10.3-2021.10.linux64_1.0.0.202111181127/tools/bin/../lib/gcc/arm-none-eabi/10.3.1/thumb/v7e-m+fp/hard/libgcc.a(_aeabi_uldivmod.o)
                0x00000000080002b0                __aeabi_uldivmod
 .text          0x00000000080002e0      0x2d0 /opt/st/stm32cubeide_1.9.0/plugins/com.st.stm32cube.ide.mcu.externaltools.gnu-tools-for-stm32.10.3-2021.10.linux64_1.0.0.202111181127/tools/bin/../lib/gcc/arm-none-eabi/10.3.1/thumb/v7e-m+fp/hard/libgcc.a(_udivmoddi4.o)
                0x00000000080002e0                __udivmoddi4
 .text          0x00000000080005b0        0x4 /opt/st/stm32cubeide_1.9.0/plugins/com.st.stm32cube.ide.mcu.externaltools.gnu-tools-for-stm32.10.3-2021.10.linux64_1.0.0.202111181127/tools/bin/../lib/gcc/arm-none-eabi/10.3.1/thumb/v7e-m+fp/hard/libgcc.a(_dvmd_tls.o)
                0x00000000080005b0                __aeabi_ldiv0
                0x00000000080005b0                __aeabi_idiv0
 *(.text*)
 .text.__NVIC_SystemReset
                0x00000000080005b4       0x2c ./Core/Src/main.o
 .text.SCB_EnableICache
                0x00000000080005e0       0x4c ./Core/Src/main.o
 .text.SCB_EnableDCache
                0x000000000800062c       0x88 ./Core/Src/main.o
 .text.main     0x00000000080006b4      0x1e0 ./Core/Src/main.o
                0x00000000080006b4                main
 .text.SystemClock_Config
                0x0000000008000894       0xdc ./Core/Src/main.o
                0x0000000008000894                SystemClock_Config
 .text.MX_CRC_Init
                0x0000000008000970       0x44 ./Core/Src/main.o
 .text.MX_DMA2D_Init
                0x00000000080009b4       0x64 ./Core/Src/main.o
 .text.MX_SDMMC1_SD_Init
                0x0000000008000a18       0x40 ./Core/Src/main.o
 .text.MX_GPIO_Init
                0x0000000008000a58       0xc4 ./Core/Src/main.o
 .text.sdinit   0x0000000008000b1c       0x4c ./Core/Src/main.o
                0x0000000008000b1c                sdinit
 .text.sdmount  0x0000000008000b68       0x5c ./Core/Src/main.o
                0x0000000008000b68                sdmount
 .text.writefile
                0x0000000008000bc4       0x78 ./Core/Src/main.o
                0x0000000008000bc4                writefile
 .text.sdread   0x0000000008000c3c       0x70 ./Core/Src/main.o
                0x0000000008000c3c                sdread
 .text.restart  0x0000000008000cac       0x50 ./Core/Src/main.o
                0x0000000008000cac                restart
 .text.IntToStr
                0x0000000008000cfc       0x2c ./Core/Src/main.o
                0x0000000008000cfc                IntToStr
 .text.error1   0x0000000008000d28       0x10 ./Core/Src/main.o
                0x0000000008000d28                error1
 .text.Error_Handler
                0x0000000008000d38        0xa ./Core/Src/main.o
                0x0000000008000d38                Error_Handler
 *fill*         0x0000000008000d42        0x2 
 .text.HAL_LTDC_Init
                0x0000000008000d44      0x1b8 ./Core/Src/stm32f7xx_hal_ltdc.o
                0x0000000008000d44                HAL_LTDC_Init
 .text.HAL_LTDC_MspInit
                0x0000000008000efc       0x14 ./Core/Src/stm32f7xx_hal_ltdc.o
                0x0000000008000efc                HAL_LTDC_MspInit
 .text.HAL_LTDC_IRQHandler
                0x0000000008000f10      0x158 ./Core/Src/stm32f7xx_hal_ltdc.o
                0x0000000008000f10                HAL_LTDC_IRQHandler
 .text.HAL_LTDC_ErrorCallback
                0x0000000008001068       0x14 ./Core/Src/stm32f7xx_hal_ltdc.o
                0x0000000008001068                HAL_LTDC_ErrorCallback
 .text.HAL_LTDC_LineEventCallback
                0x000000000800107c       0x14 ./Core/Src/stm32f7xx_hal_ltdc.o
                0x000000000800107c                HAL_LTDC_LineEventCallback
 .text.HAL_LTDC_ReloadEventCallback
                0x0000000008001090       0x14 ./Core/Src/stm32f7xx_hal_ltdc.o
                0x0000000008001090                HAL_LTDC_ReloadEventCallback
 .text.HAL_LTDC_ConfigLayer
                0x00000000080010a4       0x7c ./Core/Src/stm32f7xx_hal_ltdc.o
                0x00000000080010a4                HAL_LTDC_ConfigLayer
 .text.HAL_LTDC_GetState
                0x0000000008001120       0x1c ./Core/Src/stm32f7xx_hal_ltdc.o
                0x0000000008001120                HAL_LTDC_GetState
 .text.LTDC_SetConfig
                0x000000000800113c      0x340 ./Core/Src/stm32f7xx_hal_ltdc.o
 .text.HAL_MspInit
                0x000000000800147c       0x64 ./Core/Src/stm32f7xx_hal_msp.o
                0x000000000800147c                HAL_MspInit
 .text.HAL_CRC_MspInit
                0x00000000080014e0       0x40 ./Core/Src/stm32f7xx_hal_msp.o
                0x00000000080014e0                HAL_CRC_MspInit
 .text.HAL_DMA2D_MspInit
                0x0000000008001520       0x40 ./Core/Src/stm32f7xx_hal_msp.o
                0x0000000008001520                HAL_DMA2D_MspInit
 .text.HAL_SD_MspInit
                0x0000000008001560      0x10c ./Core/Src/stm32f7xx_hal_msp.o
                0x0000000008001560                HAL_SD_MspInit
 .text.HAL_SDRAM_Init
                0x000000000800166c       0x68 ./Core/Src/stm32f7xx_hal_sdram.o
                0x000000000800166c                HAL_SDRAM_Init
 .text.HAL_SDRAM_MspInit
                0x00000000080016d4       0x14 ./Core/Src/stm32f7xx_hal_sdram.o
                0x00000000080016d4                HAL_SDRAM_MspInit
 .text.HAL_SDRAM_SendCommand
                0x00000000080016e8       0x56 ./Core/Src/stm32f7xx_hal_sdram.o
                0x00000000080016e8                HAL_SDRAM_SendCommand
 .text.HAL_SDRAM_ProgramRefreshRate
                0x000000000800173e       0x40 ./Core/Src/stm32f7xx_hal_sdram.o
                0x000000000800173e                HAL_SDRAM_ProgramRefreshRate
 .text.NMI_Handler
                0x000000000800177e        0x6 ./Core/Src/stm32f7xx_it.o
                0x000000000800177e                NMI_Handler
 .text.HardFault_Handler
                0x0000000008001784        0x6 ./Core/Src/stm32f7xx_it.o
                0x0000000008001784                HardFault_Handler
 .text.MemManage_Handler
                0x000000000800178a        0x6 ./Core/Src/stm32f7xx_it.o
                0x000000000800178a                MemManage_Handler
 .text.BusFault_Handler
                0x0000000008001790        0x6 ./Core/Src/stm32f7xx_it.o
                0x0000000008001790                BusFault_Handler
 .text.UsageFault_Handler
                0x0000000008001796        0x6 ./Core/Src/stm32f7xx_it.o
                0x0000000008001796                UsageFault_Handler
 .text.SVC_Handler
                0x000000000800179c        0xe ./Core/Src/stm32f7xx_it.o
                0x000000000800179c                SVC_Handler
 .text.DebugMon_Handler
                0x00000000080017aa        0xe ./Core/Src/stm32f7xx_it.o
                0x00000000080017aa                DebugMon_Handler
 .text.PendSV_Handler
                0x00000000080017b8        0xe ./Core/Src/stm32f7xx_it.o
                0x00000000080017b8                PendSV_Handler
 .text.SysTick_Handler
                0x00000000080017c6        0xc ./Core/Src/stm32f7xx_it.o
                0x00000000080017c6                SysTick_Handler
 .text.RCC_IRQHandler
                0x00000000080017d2        0xe ./Core/Src/stm32f7xx_it.o
                0x00000000080017d2                RCC_IRQHandler
 .text.LTDC_IRQHandler
                0x00000000080017e0       0x14 ./Core/Src/stm32f7xx_it.o
                0x00000000080017e0                LTDC_IRQHandler
 .text.FMC_SDRAM_Init
                0x00000000080017f4       0xe4 ./Core/Src/stm32f7xx_ll_fmc.o
                0x00000000080017f4                FMC_SDRAM_Init
 .text.FMC_SDRAM_Timing_Init
                0x00000000080018d8      0x100 ./Core/Src/stm32f7xx_ll_fmc.o
                0x00000000080018d8                FMC_SDRAM_Timing_Init
 .text.FMC_SDRAM_SendCommand
                0x00000000080019d8       0x42 ./Core/Src/stm32f7xx_ll_fmc.o
                0x00000000080019d8                FMC_SDRAM_SendCommand
 .text.FMC_SDRAM_ProgramRefreshRate
                0x0000000008001a1a       0x26 ./Core/Src/stm32f7xx_ll_fmc.o
                0x0000000008001a1a                FMC_SDRAM_ProgramRefreshRate
 .text._sbrk    0x0000000008001a40       0x6c ./Core/Src/sysmem.o
                0x0000000008001a40                _sbrk
 .text.SystemInit
                0x0000000008001aac       0x24 ./Core/Src/system_stm32f7xx.o
                0x0000000008001aac                SystemInit
 .text.Reset_Handler
                0x0000000008001ad0       0x50 ./Core/Startup/startup_stm32f746nghx.o
                0x0000000008001ad0                Reset_Handler
 .text.Default_Handler
                0x0000000008001b20        0x2 ./Core/Startup/startup_stm32f746nghx.o
                0x0000000008001b20                RTC_Alarm_IRQHandler
                0x0000000008001b20                EXTI2_IRQHandler
                0x0000000008001b20                TIM8_CC_IRQHandler
                0x0000000008001b20                UART8_IRQHandler
                0x0000000008001b20                SPI4_IRQHandler
                0x0000000008001b20                TIM1_CC_IRQHandler
                0x0000000008001b20                DMA2_Stream5_IRQHandler
                0x0000000008001b20                DMA1_Stream5_IRQHandler
                0x0000000008001b20                PVD_IRQHandler
                0x0000000008001b20                TAMP_STAMP_IRQHandler
                0x0000000008001b20                CAN2_RX1_IRQHandler
                0x0000000008001b20                EXTI3_IRQHandler
                0x0000000008001b20                TIM8_TRG_COM_TIM14_IRQHandler
                0x0000000008001b20                TIM1_UP_TIM10_IRQHandler
                0x0000000008001b20                TIM8_UP_TIM13_IRQHandler
                0x0000000008001b20                I2C3_ER_IRQHandler
                0x0000000008001b20                EXTI0_IRQHandler
                0x0000000008001b20                I2C2_EV_IRQHandler
                0x0000000008001b20                DMA1_Stream2_IRQHandler
                0x0000000008001b20                CAN1_RX0_IRQHandler
                0x0000000008001b20                FPU_IRQHandler
                0x0000000008001b20                OTG_HS_WKUP_IRQHandler
                0x0000000008001b20                LTDC_ER_IRQHandler
                0x0000000008001b20                CAN2_SCE_IRQHandler
                0x0000000008001b20                DMA2_Stream2_IRQHandler
                0x0000000008001b20                SPI1_IRQHandler
                0x0000000008001b20                TIM6_DAC_IRQHandler
                0x0000000008001b20                TIM1_BRK_TIM9_IRQHandler
                0x0000000008001b20                DCMI_IRQHandler
                0x0000000008001b20                CAN2_RX0_IRQHandler
                0x0000000008001b20                DMA2_Stream3_IRQHandler
                0x0000000008001b20                SAI2_IRQHandler
                0x0000000008001b20                USART6_IRQHandler
                0x0000000008001b20                USART3_IRQHandler
                0x0000000008001b20                CAN1_RX1_IRQHandler
                0x0000000008001b20                UART5_IRQHandler
                0x0000000008001b20                DMA2_Stream0_IRQHandler
                0x0000000008001b20                TIM4_IRQHandler
                0x0000000008001b20                QUADSPI_IRQHandler
                0x0000000008001b20                I2C1_EV_IRQHandler
                0x0000000008001b20                DMA1_Stream6_IRQHandler
                0x0000000008001b20                DMA1_Stream1_IRQHandler
                0x0000000008001b20                UART4_IRQHandler
                0x0000000008001b20                TIM3_IRQHandler
                0x0000000008001b20                TIM8_BRK_TIM12_IRQHandler
                0x0000000008001b20                Default_Handler
                0x0000000008001b20                CEC_IRQHandler
                0x0000000008001b20                EXTI15_10_IRQHandler
                0x0000000008001b20                ADC_IRQHandler
                0x0000000008001b20                DMA1_Stream7_IRQHandler
                0x0000000008001b20                SPI5_IRQHandler
                0x0000000008001b20                TIM7_IRQHandler
                0x0000000008001b20                SDMMC1_IRQHandler
                0x0000000008001b20                CAN2_TX_IRQHandler
                0x0000000008001b20                TIM5_IRQHandler
                0x0000000008001b20                DMA2_Stream7_IRQHandler
                0x0000000008001b20                I2C3_EV_IRQHandler
                0x0000000008001b20                EXTI9_5_IRQHandler
                0x0000000008001b20                RTC_WKUP_IRQHandler
                0x0000000008001b20                ETH_WKUP_IRQHandler
                0x0000000008001b20                SPDIF_RX_IRQHandler
                0x0000000008001b20                SPI2_IRQHandler
                0x0000000008001b20                OTG_HS_EP1_IN_IRQHandler
                0x0000000008001b20                DMA1_Stream0_IRQHandler
                0x0000000008001b20                CAN1_TX_IRQHandler
                0x0000000008001b20                EXTI4_IRQHandler
                0x0000000008001b20                RNG_IRQHandler
                0x0000000008001b20                ETH_IRQHandler
                0x0000000008001b20                OTG_HS_EP1_OUT_IRQHandler
                0x0000000008001b20                WWDG_IRQHandler
                0x0000000008001b20                SPI6_IRQHandler
                0x0000000008001b20                I2C4_EV_IRQHandler
                0x0000000008001b20                TIM2_IRQHandler
                0x0000000008001b20                OTG_FS_WKUP_IRQHandler
                0x0000000008001b20                TIM1_TRG_COM_TIM11_IRQHandler
                0x0000000008001b20                OTG_HS_IRQHandler
                0x0000000008001b20                DMA2D_IRQHandler
                0x0000000008001b20                EXTI1_IRQHandler
                0x0000000008001b20                UART7_IRQHandler
                0x0000000008001b20                USART2_IRQHandler
                0x0000000008001b20                I2C2_ER_IRQHandler
                0x0000000008001b20                DMA2_Stream1_IRQHandler
                0x0000000008001b20                CAN1_SCE_IRQHandler
                0x0000000008001b20                FLASH_IRQHandler
                0x0000000008001b20                DMA2_Stream4_IRQHandler
                0x0000000008001b20                USART1_IRQHandler
                0x0000000008001b20                OTG_FS_IRQHandler
                0x0000000008001b20                SPI3_IRQHandler
                0x0000000008001b20                DMA1_Stream4_IRQHandler
                0x0000000008001b20                I2C1_ER_IRQHandler
                0x0000000008001b20                FMC_IRQHandler
                0x0000000008001b20                LPTIM1_IRQHandler
                0x0000000008001b20                I2C4_ER_IRQHandler
                0x0000000008001b20                DMA2_Stream6_IRQHandler
                0x0000000008001b20                SAI1_IRQHandler
                0x0000000008001b20                DMA1_Stream3_IRQHandler
 *fill*         0x0000000008001b22        0x2 
 .text.HAL_Init
                0x0000000008001b24       0x38 ./Drivers/STM32F7xx_HAL_Driver/Src/stm32f7xx_hal.o
                0x0000000008001b24                HAL_Init
 .text.HAL_InitTick
                0x0000000008001b5c       0x60 ./Drivers/STM32F7xx_HAL_Driver/Src/stm32f7xx_hal.o
                0x0000000008001b5c                HAL_InitTick
 .text.HAL_IncTick
                0x0000000008001bbc       0x28 ./Drivers/STM32F7xx_HAL_Driver/Src/stm32f7xx_hal.o
                0x0000000008001bbc                HAL_IncTick
 .text.HAL_GetTick
                0x0000000008001be4       0x18 ./Drivers/STM32F7xx_HAL_Driver/Src/stm32f7xx_hal.o
                0x0000000008001be4                HAL_GetTick
 .text.HAL_Delay
                0x0000000008001bfc       0x48 ./Drivers/STM32F7xx_HAL_Driver/Src/stm32f7xx_hal.o
                0x0000000008001bfc                HAL_Delay
 .text.__NVIC_SetPriorityGrouping
                0x0000000008001c44       0x48 ./Drivers/STM32F7xx_HAL_Driver/Src/stm32f7xx_hal_cortex.o
 .text.__NVIC_GetPriorityGrouping
                0x0000000008001c8c       0x1c ./Drivers/STM32F7xx_HAL_Driver/Src/stm32f7xx_hal_cortex.o
 .text.__NVIC_EnableIRQ
                0x0000000008001ca8       0x3c ./Drivers/STM32F7xx_HAL_Driver/Src/stm32f7xx_hal_cortex.o
 .text.__NVIC_SetPriority
                0x0000000008001ce4       0x54 ./Drivers/STM32F7xx_HAL_Driver/Src/stm32f7xx_hal_cortex.o
 .text.NVIC_EncodePriority
                0x0000000008001d38       0x66 ./Drivers/STM32F7xx_HAL_Driver/Src/stm32f7xx_hal_cortex.o
 *fill*         0x0000000008001d9e        0x2 
 .text.SysTick_Config
                0x0000000008001da0       0x44 ./Drivers/STM32F7xx_HAL_Driver/Src/stm32f7xx_hal_cortex.o
 .text.HAL_NVIC_SetPriorityGrouping
                0x0000000008001de4       0x16 ./Drivers/STM32F7xx_HAL_Driver/Src/stm32f7xx_hal_cortex.o
                0x0000000008001de4                HAL_NVIC_SetPriorityGrouping
 .text.HAL_NVIC_SetPriority
                0x0000000008001dfa       0x38 ./Drivers/STM32F7xx_HAL_Driver/Src/stm32f7xx_hal_cortex.o
                0x0000000008001dfa                HAL_NVIC_SetPriority
 .text.HAL_NVIC_EnableIRQ
                0x0000000008001e32       0x1c ./Drivers/STM32F7xx_HAL_Driver/Src/stm32f7xx_hal_cortex.o
                0x0000000008001e32                HAL_NVIC_EnableIRQ
 .text.HAL_SYSTICK_Config
                0x0000000008001e4e       0x18 ./Drivers/STM32F7xx_HAL_Driver/Src/stm32f7xx_hal_cortex.o
                0x0000000008001e4e                HAL_SYSTICK_Config
 *fill*         0x0000000008001e66        0x2 
 .text.HAL_CRC_Init
                0x0000000008001e68       0xc8 ./Drivers/STM32F7xx_HAL_Driver/Src/stm32f7xx_hal_crc.o
                0x0000000008001e68                HAL_CRC_Init
 .text.HAL_CRCEx_Polynomial_Set
                0x0000000008001f30      0x10c ./Drivers/STM32F7xx_HAL_Driver/Src/stm32f7xx_hal_crc_ex.o
                0x0000000008001f30                HAL_CRCEx_Polynomial_Set
 .text.HAL_DMA_Init
                0x000000000800203c      0x15c ./Drivers/STM32F7xx_HAL_Driver/Src/stm32f7xx_hal_dma.o
                0x000000000800203c                HAL_DMA_Init
 .text.HAL_DMA_DeInit
                0x0000000008002198       0xbc ./Drivers/STM32F7xx_HAL_Driver/Src/stm32f7xx_hal_dma.o
                0x0000000008002198                HAL_DMA_DeInit
 .text.DMA_CalcBaseAndBitshift
                0x0000000008002254       0x6c ./Drivers/STM32F7xx_HAL_Driver/Src/stm32f7xx_hal_dma.o
 .text.DMA_CheckFifoParam
                0x00000000080022c0       0xf8 ./Drivers/STM32F7xx_HAL_Driver/Src/stm32f7xx_hal_dma.o
 .text.HAL_DMA2D_Init
                0x00000000080023b8       0x94 ./Drivers/STM32F7xx_HAL_Driver/Src/stm32f7xx_hal_dma2d.o
                0x00000000080023b8                HAL_DMA2D_Init
 .text.HAL_DMA2D_Start
                0x000000000800244c       0x56 ./Drivers/STM32F7xx_HAL_Driver/Src/stm32f7xx_hal_dma2d.o
                0x000000000800244c                HAL_DMA2D_Start
 .text.HAL_DMA2D_PollForTransfer
                0x00000000080024a2      0x1d2 ./Drivers/STM32F7xx_HAL_Driver/Src/stm32f7xx_hal_dma2d.o
                0x00000000080024a2                HAL_DMA2D_PollForTransfer
 .text.HAL_DMA2D_ConfigLayer
                0x0000000008002674      0x124 ./Drivers/STM32F7xx_HAL_Driver/Src/stm32f7xx_hal_dma2d.o
                0x0000000008002674                HAL_DMA2D_ConfigLayer
 .text.DMA2D_SetConfig
                0x0000000008002798      0x138 ./Drivers/STM32F7xx_HAL_Driver/Src/stm32f7xx_hal_dma2d.o
 .text.HAL_GPIO_Init
                0x00000000080028d0      0x358 ./Drivers/STM32F7xx_HAL_Driver/Src/stm32f7xx_hal_gpio.o
                0x00000000080028d0                HAL_GPIO_Init
 .text.HAL_GPIO_WritePin
                0x0000000008002c28       0x32 ./Drivers/STM32F7xx_HAL_Driver/Src/stm32f7xx_hal_gpio.o
                0x0000000008002c28                HAL_GPIO_WritePin
 *fill*         0x0000000008002c5a        0x2 
 .text.HAL_I2C_Init
                0x0000000008002c5c      0x120 ./Drivers/STM32F7xx_HAL_Driver/Src/stm32f7xx_hal_i2c.o
                0x0000000008002c5c                HAL_I2C_Init
 .text.HAL_I2C_DeInit
                0x0000000008002d7c       0x5e ./Drivers/STM32F7xx_HAL_Driver/Src/stm32f7xx_hal_i2c.o
                0x0000000008002d7c                HAL_I2C_DeInit
 .text.HAL_I2C_MspInit
                0x0000000008002dda       0x14 ./Drivers/STM32F7xx_HAL_Driver/Src/stm32f7xx_hal_i2c.o
                0x0000000008002dda                HAL_I2C_MspInit
 .text.HAL_I2C_MspDeInit
                0x0000000008002dee       0x14 ./Drivers/STM32F7xx_HAL_Driver/Src/stm32f7xx_hal_i2c.o
                0x0000000008002dee                HAL_I2C_MspDeInit
 *fill*         0x0000000008002e02        0x2 
 .text.HAL_I2C_Mem_Write
                0x0000000008002e04      0x228 ./Drivers/STM32F7xx_HAL_Driver/Src/stm32f7xx_hal_i2c.o
                0x0000000008002e04                HAL_I2C_Mem_Write
 .text.HAL_I2C_Mem_Read
                0x000000000800302c      0x234 ./Drivers/STM32F7xx_HAL_Driver/Src/stm32f7xx_hal_i2c.o
                0x000000000800302c                HAL_I2C_Mem_Read
 .text.HAL_I2C_GetState
                0x0000000008003260       0x1c ./Drivers/STM32F7xx_HAL_Driver/Src/stm32f7xx_hal_i2c.o
                0x0000000008003260                HAL_I2C_GetState
 .text.I2C_RequestMemoryWrite
                0x000000000800327c       0xa8 ./Drivers/STM32F7xx_HAL_Driver/Src/stm32f7xx_hal_i2c.o
 .text.I2C_RequestMemoryRead
                0x0000000008003324       0xa8 ./Drivers/STM32F7xx_HAL_Driver/Src/stm32f7xx_hal_i2c.o
 .text.I2C_Flush_TXDR
                0x00000000080033cc       0x48 ./Drivers/STM32F7xx_HAL_Driver/Src/stm32f7xx_hal_i2c.o
 .text.I2C_WaitOnFlagUntilTimeout
                0x0000000008003414       0x80 ./Drivers/STM32F7xx_HAL_Driver/Src/stm32f7xx_hal_i2c.o
 .text.I2C_WaitOnTXISFlagUntilTimeout
                0x0000000008003494       0x80 ./Drivers/STM32F7xx_HAL_Driver/Src/stm32f7xx_hal_i2c.o
 .text.I2C_WaitOnSTOPFlagUntilTimeout
                0x0000000008003514       0x78 ./Drivers/STM32F7xx_HAL_Driver/Src/stm32f7xx_hal_i2c.o
 .text.I2C_IsErrorOccurred
                0x000000000800358c      0x1d8 ./Drivers/STM32F7xx_HAL_Driver/Src/stm32f7xx_hal_i2c.o
 .text.I2C_TransferConfig
                0x0000000008003764       0x64 ./Drivers/STM32F7xx_HAL_Driver/Src/stm32f7xx_hal_i2c.o
 .text.HAL_PWR_EnableBkUpAccess
                0x00000000080037c8       0x20 ./Drivers/STM32F7xx_HAL_Driver/Src/stm32f7xx_hal_pwr.o
                0x00000000080037c8                HAL_PWR_EnableBkUpAccess
 .text.HAL_PWREx_EnableOverDrive
                0x00000000080037e8       0xa0 ./Drivers/STM32F7xx_HAL_Driver/Src/stm32f7xx_hal_pwr_ex.o
                0x00000000080037e8                HAL_PWREx_EnableOverDrive
 .text.HAL_RCC_OscConfig
                0x0000000008003888      0x548 ./Drivers/STM32F7xx_HAL_Driver/Src/stm32f7xx_hal_rcc.o
                0x0000000008003888                HAL_RCC_OscConfig
 .text.HAL_RCC_ClockConfig
                0x0000000008003dd0      0x1d8 ./Drivers/STM32F7xx_HAL_Driver/Src/stm32f7xx_hal_rcc.o
                0x0000000008003dd0                HAL_RCC_ClockConfig
 .text.HAL_RCC_GetSysClockFreq
                0x0000000008003fa8      0x18c ./Drivers/STM32F7xx_HAL_Driver/Src/stm32f7xx_hal_rcc.o
                0x0000000008003fa8                HAL_RCC_GetSysClockFreq
 .text.HAL_RCCEx_PeriphCLKConfig
                0x0000000008004134      0x7e0 ./Drivers/STM32F7xx_HAL_Driver/Src/stm32f7xx_hal_rcc_ex.o
                0x0000000008004134                HAL_RCCEx_PeriphCLKConfig
 .text.HAL_SD_Init
                0x0000000008004914       0x60 ./Drivers/STM32F7xx_HAL_Driver/Src/stm32f7xx_hal_sd.o
                0x0000000008004914                HAL_SD_Init
 .text.HAL_SD_InitCard
                0x0000000008004974      0x110 ./Drivers/STM32F7xx_HAL_Driver/Src/stm32f7xx_hal_sd.o
                0x0000000008004974                HAL_SD_InitCard
 .text.HAL_SD_ReadBlocks
                0x0000000008004a84      0x3bc ./Drivers/STM32F7xx_HAL_Driver/Src/stm32f7xx_hal_sd.o
                0x0000000008004a84                HAL_SD_ReadBlocks
 .text.HAL_SD_WriteBlocks
                0x0000000008004e40      0x30c ./Drivers/STM32F7xx_HAL_Driver/Src/stm32f7xx_hal_sd.o
                0x0000000008004e40                HAL_SD_WriteBlocks
 .text.HAL_SD_GetCardCSD
                0x000000000800514c      0x348 ./Drivers/STM32F7xx_HAL_Driver/Src/stm32f7xx_hal_sd.o
                0x000000000800514c                HAL_SD_GetCardCSD
 .text.HAL_SD_GetCardInfo
                0x0000000008005494       0x58 ./Drivers/STM32F7xx_HAL_Driver/Src/stm32f7xx_hal_sd.o
                0x0000000008005494                HAL_SD_GetCardInfo
 .text.HAL_SD_GetCardState
                0x00000000080054ec       0x40 ./Drivers/STM32F7xx_HAL_Driver/Src/stm32f7xx_hal_sd.o
                0x00000000080054ec                HAL_SD_GetCardState
 .text.SD_InitCard
                0x000000000800552c      0x19c ./Drivers/STM32F7xx_HAL_Driver/Src/stm32f7xx_hal_sd.o
 .text.SD_PowerON
                0x00000000080056c8      0x11c ./Drivers/STM32F7xx_HAL_Driver/Src/stm32f7xx_hal_sd.o
 .text.SD_SendStatus
                0x00000000080057e4       0x50 ./Drivers/STM32F7xx_HAL_Driver/Src/stm32f7xx_hal_sd.o
 .text.SDMMC_Init
                0x0000000008005834       0x58 ./Drivers/STM32F7xx_HAL_Driver/Src/stm32f7xx_ll_sdmmc.o
                0x0000000008005834                SDMMC_Init
 .text.SDMMC_ReadFIFO
                0x000000000800588c       0x1a ./Drivers/STM32F7xx_HAL_Driver/Src/stm32f7xx_ll_sdmmc.o
                0x000000000800588c                SDMMC_ReadFIFO
 .text.SDMMC_WriteFIFO
                0x00000000080058a6       0x22 ./Drivers/STM32F7xx_HAL_Driver/Src/stm32f7xx_ll_sdmmc.o
                0x00000000080058a6                SDMMC_WriteFIFO
 .text.SDMMC_PowerState_ON
                0x00000000080058c8       0x1c ./Drivers/STM32F7xx_HAL_Driver/Src/stm32f7xx_ll_sdmmc.o
                0x00000000080058c8                SDMMC_PowerState_ON
 .text.SDMMC_GetPowerState
                0x00000000080058e4       0x1c ./Drivers/STM32F7xx_HAL_Driver/Src/stm32f7xx_ll_sdmmc.o
                0x00000000080058e4                SDMMC_GetPowerState
 .text.SDMMC_SendCommand
                0x0000000008005900       0x54 ./Drivers/STM32F7xx_HAL_Driver/Src/stm32f7xx_ll_sdmmc.o
                0x0000000008005900                SDMMC_SendCommand
 .text.SDMMC_GetCommandResponse
                0x0000000008005954       0x1a ./Drivers/STM32F7xx_HAL_Driver/Src/stm32f7xx_ll_sdmmc.o
                0x0000000008005954                SDMMC_GetCommandResponse
 .text.SDMMC_GetResponse
                0x000000000800596e       0x26 ./Drivers/STM32F7xx_HAL_Driver/Src/stm32f7xx_ll_sdmmc.o
                0x000000000800596e                SDMMC_GetResponse
 .text.SDMMC_ConfigData
                0x0000000008005994       0x58 ./Drivers/STM32F7xx_HAL_Driver/Src/stm32f7xx_ll_sdmmc.o
                0x0000000008005994                SDMMC_ConfigData
 .text.SDMMC_CmdBlockLength
                0x00000000080059ec       0x44 ./Drivers/STM32F7xx_HAL_Driver/Src/stm32f7xx_ll_sdmmc.o
                0x00000000080059ec                SDMMC_CmdBlockLength
 .text.SDMMC_CmdReadSingleBlock
                0x0000000008005a30       0x44 ./Drivers/STM32F7xx_HAL_Driver/Src/stm32f7xx_ll_sdmmc.o
                0x0000000008005a30                SDMMC_CmdReadSingleBlock
 .text.SDMMC_CmdReadMultiBlock
                0x0000000008005a74       0x44 ./Drivers/STM32F7xx_HAL_Driver/Src/stm32f7xx_ll_sdmmc.o
                0x0000000008005a74                SDMMC_CmdReadMultiBlock
 .text.SDMMC_CmdWriteSingleBlock
                0x0000000008005ab8       0x44 ./Drivers/STM32F7xx_HAL_Driver/Src/stm32f7xx_ll_sdmmc.o
                0x0000000008005ab8                SDMMC_CmdWriteSingleBlock
 .text.SDMMC_CmdWriteMultiBlock
                0x0000000008005afc       0x44 ./Drivers/STM32F7xx_HAL_Driver/Src/stm32f7xx_ll_sdmmc.o
                0x0000000008005afc                SDMMC_CmdWriteMultiBlock
 .text.SDMMC_CmdStopTransfer
                0x0000000008005b40       0x44 ./Drivers/STM32F7xx_HAL_Driver/Src/stm32f7xx_ll_sdmmc.o
                0x0000000008005b40                SDMMC_CmdStopTransfer
 .text.SDMMC_CmdSelDesel
                0x0000000008005b84       0x46 ./Drivers/STM32F7xx_HAL_Driver/Src/stm32f7xx_ll_sdmmc.o
                0x0000000008005b84                SDMMC_CmdSelDesel
 .text.SDMMC_CmdGoIdleState
                0x0000000008005bca       0x3c ./Drivers/STM32F7xx_HAL_Driver/Src/stm32f7xx_ll_sdmmc.o
                0x0000000008005bca                SDMMC_CmdGoIdleState
 .text.SDMMC_CmdOperCond
                0x0000000008005c06       0x3e ./Drivers/STM32F7xx_HAL_Driver/Src/stm32f7xx_ll_sdmmc.o
                0x0000000008005c06                SDMMC_CmdOperCond
 .text.SDMMC_CmdAppCommand
                0x0000000008005c44       0x44 ./Drivers/STM32F7xx_HAL_Driver/Src/stm32f7xx_ll_sdmmc.o
                0x0000000008005c44                SDMMC_CmdAppCommand
 .text.SDMMC_CmdAppOperCommand
                0x0000000008005c88       0x48 ./Drivers/STM32F7xx_HAL_Driver/Src/stm32f7xx_ll_sdmmc.o
                0x0000000008005c88                SDMMC_CmdAppOperCommand
 .text.SDMMC_CmdSendCID
                0x0000000008005cd0       0x3c ./Drivers/STM32F7xx_HAL_Driver/Src/stm32f7xx_ll_sdmmc.o
                0x0000000008005cd0                SDMMC_CmdSendCID
 .text.SDMMC_CmdSendCSD
                0x0000000008005d0c       0x3e ./Drivers/STM32F7xx_HAL_Driver/Src/stm32f7xx_ll_sdmmc.o
                0x0000000008005d0c                SDMMC_CmdSendCSD
 .text.SDMMC_CmdSetRelAdd
                0x0000000008005d4a       0x42 ./Drivers/STM32F7xx_HAL_Driver/Src/stm32f7xx_ll_sdmmc.o
                0x0000000008005d4a                SDMMC_CmdSetRelAdd
 .text.SDMMC_CmdSendStatus
                0x0000000008005d8c       0x44 ./Drivers/STM32F7xx_HAL_Driver/Src/stm32f7xx_ll_sdmmc.o
                0x0000000008005d8c                SDMMC_CmdSendStatus
 .text.SDMMC_GetCmdResp1
                0x0000000008005dd0      0x1dc ./Drivers/STM32F7xx_HAL_Driver/Src/stm32f7xx_ll_sdmmc.o
                0x0000000008005dd0                SDMMC_GetCmdResp1
 .text.SDMMC_GetCmdResp2
                0x0000000008005fac       0x90 ./Drivers/STM32F7xx_HAL_Driver/Src/stm32f7xx_ll_sdmmc.o
                0x0000000008005fac                SDMMC_GetCmdResp2
 .text.SDMMC_GetCmdResp3
                0x000000000800603c       0x7c ./Drivers/STM32F7xx_HAL_Driver/Src/stm32f7xx_ll_sdmmc.o
                0x000000000800603c                SDMMC_GetCmdResp3
 .text.SDMMC_GetCmdResp6
                0x00000000080060b8       0xec ./Drivers/STM32F7xx_HAL_Driver/Src/stm32f7xx_ll_sdmmc.o
                0x00000000080060b8                SDMMC_GetCmdResp6
 .text.SDMMC_GetCmdResp7
                0x00000000080061a4       0x9c ./Drivers/STM32F7xx_HAL_Driver/Src/stm32f7xx_ll_sdmmc.o
                0x00000000080061a4                SDMMC_GetCmdResp7
 .text.SDMMC_GetCmdError
                0x0000000008006240       0x58 ./Drivers/STM32F7xx_HAL_Driver/Src/stm32f7xx_ll_sdmmc.o
 .text.MX_FATFS_Init
                0x0000000008006298       0x24 ./FATFS/App/fatfs.o
                0x0000000008006298                MX_FATFS_Init
 .text.get_fattime
                0x00000000080062bc       0x10 ./FATFS/App/fatfs.o
                0x00000000080062bc                get_fattime
 .text.BSP_SD_Init
                0x00000000080062cc       0x30 ./FATFS/Target/bsp_driver_sd.o
                0x00000000080062cc                BSP_SD_Init
 .text.BSP_SD_ReadBlocks
                0x00000000080062fc       0x3c ./FATFS/Target/bsp_driver_sd.o
                0x00000000080062fc                BSP_SD_ReadBlocks
 .text.BSP_SD_WriteBlocks
                0x0000000008006338       0x3c ./FATFS/Target/bsp_driver_sd.o
                0x0000000008006338                BSP_SD_WriteBlocks
 .text.BSP_SD_GetCardState
                0x0000000008006374       0x20 ./FATFS/Target/bsp_driver_sd.o
                0x0000000008006374                BSP_SD_GetCardState
 .text.BSP_SD_GetCardInfo
                0x0000000008006394       0x1c ./FATFS/Target/bsp_driver_sd.o
                0x0000000008006394                BSP_SD_GetCardInfo
 .text.BSP_SD_IsDetected
                0x00000000080063b0       0x1a ./FATFS/Target/bsp_driver_sd.o
                0x00000000080063b0                BSP_SD_IsDetected
 *fill*         0x00000000080063ca        0x2 
 .text.SD_CheckStatus
                0x00000000080063cc       0x3c ./FATFS/Target/sd_diskio.o
 .text.SD_initialize
                0x0000000008006408       0x3c ./FATFS/Target/sd_diskio.o
                0x0000000008006408                SD_initialize
 .text.SD_status
                0x0000000008006444       0x1c ./FATFS/Target/sd_diskio.o
                0x0000000008006444                SD_status
 .text.SD_read  0x0000000008006460       0x42 ./FATFS/Target/sd_diskio.o
                0x0000000008006460                SD_read
 .text.SD_write
                0x00000000080064a2       0x42 ./FATFS/Target/sd_diskio.o
                0x00000000080064a2                SD_write
 .text.SD_ioctl
                0x00000000080064e4       0xb0 ./FATFS/Target/sd_diskio.o
                0x00000000080064e4                SD_ioctl
 .text.ft5336_Init
                0x0000000008006594       0x1c ./GUI files/ft5336.o
                0x0000000008006594                ft5336_Init
 .text.ft5336_Reset
                0x00000000080065b0       0x16 ./GUI files/ft5336.o
                0x00000000080065b0                ft5336_Reset
 .text.ft5336_ReadID
                0x00000000080065c6       0x5c ./GUI files/ft5336.o
                0x00000000080065c6                ft5336_ReadID
 .text.ft5336_TS_Start
                0x0000000008006622       0x22 ./GUI files/ft5336.o
                0x0000000008006622                ft5336_TS_Start
 .text.ft5336_TS_DetectTouch
                0x0000000008006644       0x54 ./GUI files/ft5336.o
                0x0000000008006644                ft5336_TS_DetectTouch
 .text.ft5336_TS_GetXY
                0x0000000008006698      0x1e0 ./GUI files/ft5336.o
                0x0000000008006698                ft5336_TS_GetXY
 .text.ft5336_TS_EnableIT
                0x0000000008006878       0x28 ./GUI files/ft5336.o
                0x0000000008006878                ft5336_TS_EnableIT
 .text.ft5336_TS_DisableIT
                0x00000000080068a0       0x28 ./GUI files/ft5336.o
                0x00000000080068a0                ft5336_TS_DisableIT
 .text.ft5336_TS_ITStatus
                0x00000000080068c8       0x18 ./GUI files/ft5336.o
                0x00000000080068c8                ft5336_TS_ITStatus
 .text.ft5336_TS_ClearIT
                0x00000000080068e0       0x16 ./GUI files/ft5336.o
                0x00000000080068e0                ft5336_TS_ClearIT
 .text.ft5336_TS_GetGestureID
                0x00000000080068f6       0x32 ./GUI files/ft5336.o
                0x00000000080068f6                ft5336_TS_GetGestureID
 .text.ft5336_TS_GetTouchInfo
                0x0000000008006928      0x15c ./GUI files/ft5336.o
                0x0000000008006928                ft5336_TS_GetTouchInfo
 .text.ft5336_Get_I2C_InitializedStatus
                0x0000000008006a84       0x18 ./GUI files/ft5336.o
 .text.ft5336_I2C_InitializeIfRequired
                0x0000000008006a9c       0x20 ./GUI files/ft5336.o
 .text.ft5336_TS_Configure
                0x0000000008006abc       0x1c ./GUI files/ft5336.o
 .text.I2Cx_MspInit
                0x0000000008006ad8      0x160 ./GUI files/stm32746g_discovery.o
 .text.I2Cx_Init
                0x0000000008006c38       0x78 ./GUI files/stm32746g_discovery.o
 .text.I2Cx_ReadMultiple
                0x0000000008006cb0       0x5a ./GUI files/stm32746g_discovery.o
 .text.I2Cx_WriteMultiple
                0x0000000008006d0a       0x5a ./GUI files/stm32746g_discovery.o
 .text.I2Cx_Error
                0x0000000008006d64       0x20 ./GUI files/stm32746g_discovery.o
 .text.TS_IO_Init
                0x0000000008006d84       0x14 ./GUI files/stm32746g_discovery.o
                0x0000000008006d84                TS_IO_Init
 .text.TS_IO_Write
                0x0000000008006d98       0x34 ./GUI files/stm32746g_discovery.o
                0x0000000008006d98                TS_IO_Write
 .text.TS_IO_Read
                0x0000000008006dcc       0x3c ./GUI files/stm32746g_discovery.o
                0x0000000008006dcc                TS_IO_Read
 .text.TS_IO_Delay
                0x0000000008006e08       0x16 ./GUI files/stm32746g_discovery.o
                0x0000000008006e08                TS_IO_Delay
 *fill*         0x0000000008006e1e        0x2 
 .text.BSP_LCD_Init
                0x0000000008006e20       0xe0 ./GUI files/stm32746g_discovery_lcd.o
                0x0000000008006e20                BSP_LCD_Init
 .text.BSP_LCD_GetXSize
                0x0000000008006f00       0x28 ./GUI files/stm32746g_discovery_lcd.o
                0x0000000008006f00                BSP_LCD_GetXSize
 .text.BSP_LCD_GetYSize
                0x0000000008006f28       0x28 ./GUI files/stm32746g_discovery_lcd.o
                0x0000000008006f28                BSP_LCD_GetYSize
 .text.BSP_LCD_LayerDefaultInit
                0x0000000008006f50       0xc0 ./GUI files/stm32746g_discovery_lcd.o
                0x0000000008006f50                BSP_LCD_LayerDefaultInit
 .text.BSP_LCD_SelectLayer
                0x0000000008007010       0x20 ./GUI files/stm32746g_discovery_lcd.o
                0x0000000008007010                BSP_LCD_SelectLayer
 .text.BSP_LCD_SetTextColor
                0x0000000008007030       0x30 ./GUI files/stm32746g_discovery_lcd.o
                0x0000000008007030                BSP_LCD_SetTextColor
 .text.BSP_LCD_SetBackColor
                0x0000000008007060       0x34 ./GUI files/stm32746g_discovery_lcd.o
                0x0000000008007060                BSP_LCD_SetBackColor
 .text.BSP_LCD_SetFont
                0x0000000008007094       0x34 ./GUI files/stm32746g_discovery_lcd.o
                0x0000000008007094                BSP_LCD_SetFont
 .text.BSP_LCD_Clear
                0x00000000080070c8       0x50 ./GUI files/stm32746g_discovery_lcd.o
                0x00000000080070c8                BSP_LCD_Clear
 .text.BSP_LCD_DisplayChar
                0x0000000008007118       0x88 ./GUI files/stm32746g_discovery_lcd.o
                0x0000000008007118                BSP_LCD_DisplayChar
 .text.BSP_LCD_DisplayStringAt
                0x00000000080071a0      0x190 ./GUI files/stm32746g_discovery_lcd.o
                0x00000000080071a0                BSP_LCD_DisplayStringAt
 .text.BSP_LCD_DrawPixel
                0x0000000008007330       0x90 ./GUI files/stm32746g_discovery_lcd.o
                0x0000000008007330                BSP_LCD_DrawPixel
 .text.BSP_LCD_MspInit
                0x00000000080073c0      0x1b4 ./GUI files/stm32746g_discovery_lcd.o
                0x00000000080073c0                BSP_LCD_MspInit
 .text.BSP_LCD_ClockConfig
                0x0000000008007574       0x38 ./GUI files/stm32746g_discovery_lcd.o
                0x0000000008007574                BSP_LCD_ClockConfig
 .text.DrawChar
                0x00000000080075ac      0x170 ./GUI files/stm32746g_discovery_lcd.o
 .text.LL_FillBuffer
                0x000000000800771c       0x98 ./GUI files/stm32746g_discovery_lcd.o
 .text.BSP_SDRAM_Init
                0x00000000080077b4       0xbc ./GUI files/stm32746g_discovery_sdram.o
                0x00000000080077b4                BSP_SDRAM_Init
 .text.BSP_SDRAM_Initialization_sequence
                0x0000000008007870       0xc0 ./GUI files/stm32746g_discovery_sdram.o
                0x0000000008007870                BSP_SDRAM_Initialization_sequence
 .text.BSP_SDRAM_MspInit
                0x0000000008007930      0x1f0 ./GUI files/stm32746g_discovery_sdram.o
                0x0000000008007930                BSP_SDRAM_MspInit
 .text.BSP_TS_Init
                0x0000000008007b20       0x80 ./GUI files/stm32746g_discovery_ts.o
                0x0000000008007b20                BSP_TS_Init
 .text.BSP_TS_GetState
                0x0000000008007ba0      0x374 ./GUI files/stm32746g_discovery_ts.o
                0x0000000008007ba0                BSP_TS_GetState
 .text.BSP_TS_Get_GestureId
                0x0000000008007f14      0x104 ./GUI files/stm32746g_discovery_ts.o
                0x0000000008007f14                BSP_TS_Get_GestureId
 .text.BSP_TS_ResetTouchData
                0x0000000008008018       0x80 ./GUI files/stm32746g_discovery_ts.o
                0x0000000008008018                BSP_TS_ResetTouchData
 .text.disk_status
                0x0000000008008098       0x34 ./Middlewares/Third_Party/FatFs/src/diskio.o
                0x0000000008008098                disk_status
 .text.disk_initialize
                0x00000000080080cc       0x4c ./Middlewares/Third_Party/FatFs/src/diskio.o
                0x00000000080080cc                disk_initialize
 .text.disk_read
                0x0000000008008118       0x40 ./Middlewares/Third_Party/FatFs/src/diskio.o
                0x0000000008008118                disk_read
 .text.disk_write
                0x0000000008008158       0x40 ./Middlewares/Third_Party/FatFs/src/diskio.o
                0x0000000008008158                disk_write
 .text.disk_ioctl
                0x0000000008008198       0x3c ./Middlewares/Third_Party/FatFs/src/diskio.o
                0x0000000008008198                disk_ioctl
 .text.ld_word  0x00000000080081d4       0x30 ./Middlewares/Third_Party/FatFs/src/ff.o
 .text.ld_dword
                0x0000000008008204       0x46 ./Middlewares/Third_Party/FatFs/src/ff.o
 .text.st_word  0x000000000800824a       0x36 ./Middlewares/Third_Party/FatFs/src/ff.o
 .text.st_dword
                0x0000000008008280       0x58 ./Middlewares/Third_Party/FatFs/src/ff.o
 .text.mem_cpy  0x00000000080082d8       0x42 ./Middlewares/Third_Party/FatFs/src/ff.o
 .text.mem_set  0x000000000800831a       0x36 ./Middlewares/Third_Party/FatFs/src/ff.o
 .text.mem_cmp  0x0000000008008350       0x4e ./Middlewares/Third_Party/FatFs/src/ff.o
 .text.chk_chr  0x000000000800839e       0x36 ./Middlewares/Third_Party/FatFs/src/ff.o
 .text.chk_lock
                0x00000000080083d4       0xb8 ./Middlewares/Third_Party/FatFs/src/ff.o
 .text.enq_lock
                0x000000000800848c       0x44 ./Middlewares/Third_Party/FatFs/src/ff.o
 .text.inc_lock
                0x00000000080084d0      0x11c ./Middlewares/Third_Party/FatFs/src/ff.o
 .text.dec_lock
                0x00000000080085ec       0x78 ./Middlewares/Third_Party/FatFs/src/ff.o
 .text.clear_lock
                0x0000000008008664       0x48 ./Middlewares/Third_Party/FatFs/src/ff.o
 .text.sync_window
                0x00000000080086ac       0x88 ./Middlewares/Third_Party/FatFs/src/ff.o
 .text.move_window
                0x0000000008008734       0x5a ./Middlewares/Third_Party/FatFs/src/ff.o
 *fill*         0x000000000800878e        0x2 
 .text.sync_fs  0x0000000008008790       0xdc ./Middlewares/Third_Party/FatFs/src/ff.o
 .text.clust2sect
                0x000000000800886c       0x3e ./Middlewares/Third_Party/FatFs/src/ff.o
 .text.get_fat  0x00000000080088aa      0x150 ./Middlewares/Third_Party/FatFs/src/ff.o
 .text.put_fat  0x00000000080089fa      0x1d8 ./Middlewares/Third_Party/FatFs/src/ff.o
 .text.remove_chain
                0x0000000008008bd2       0xca ./Middlewares/Third_Party/FatFs/src/ff.o
 .text.create_chain
                0x0000000008008c9c      0x130 ./Middlewares/Third_Party/FatFs/src/ff.o
 .text.clmt_clust
                0x0000000008008dcc       0x68 ./Middlewares/Third_Party/FatFs/src/ff.o
 .text.dir_sdi  0x0000000008008e34       0xf6 ./Middlewares/Third_Party/FatFs/src/ff.o
 .text.dir_next
                0x0000000008008f2a      0x18a ./Middlewares/Third_Party/FatFs/src/ff.o
 .text.dir_alloc
                0x00000000080090b4       0x8e ./Middlewares/Third_Party/FatFs/src/ff.o
 .text.ld_clust
                0x0000000008009142       0x3e ./Middlewares/Third_Party/FatFs/src/ff.o
 .text.st_clust
                0x0000000008009180       0x40 ./Middlewares/Third_Party/FatFs/src/ff.o
 .text.dir_find
                0x00000000080091c0       0xaa ./Middlewares/Third_Party/FatFs/src/ff.o
 .text.dir_register
                0x000000000800926a       0x64 ./Middlewares/Third_Party/FatFs/src/ff.o
 *fill*         0x00000000080092ce        0x2 
 .text.create_name
                0x00000000080092d0      0x128 ./Middlewares/Third_Party/FatFs/src/ff.o
 .text.follow_path
                0x00000000080093f8       0xe2 ./Middlewares/Third_Party/FatFs/src/ff.o
 .text.get_ldnumber
                0x00000000080094da       0x88 ./Middlewares/Third_Party/FatFs/src/ff.o
 *fill*         0x0000000008009562        0x2 
 .text.check_fs
                0x0000000008009564       0xac ./Middlewares/Third_Party/FatFs/src/ff.o
 .text.find_volume
                0x0000000008009610      0x498 ./Middlewares/Third_Party/FatFs/src/ff.o
 .text.validate
                0x0000000008009aa8       0x6a ./Middlewares/Third_Party/FatFs/src/ff.o
 *fill*         0x0000000008009b12        0x2 
 .text.f_mount  0x0000000008009b14       0x8c ./Middlewares/Third_Party/FatFs/src/ff.o
                0x0000000008009b14                f_mount
 .text.f_open   0x0000000008009ba0      0x37c ./Middlewares/Third_Party/FatFs/src/ff.o
                0x0000000008009ba0                f_open
 .text.f_read   0x0000000008009f1c      0x27e ./Middlewares/Third_Party/FatFs/src/ff.o
                0x0000000008009f1c                f_read
 .text.f_write  0x000000000800a19a      0x2ea ./Middlewares/Third_Party/FatFs/src/ff.o
                0x000000000800a19a                f_write
 .text.f_sync   0x000000000800a484       0xfc ./Middlewares/Third_Party/FatFs/src/ff.o
                0x000000000800a484                f_sync
 .text.f_close  0x000000000800a580       0x54 ./Middlewares/Third_Party/FatFs/src/ff.o
                0x000000000800a580                f_close
 .text.f_lseek  0x000000000800a5d4      0x412 ./Middlewares/Third_Party/FatFs/src/ff.o
                0x000000000800a5d4                f_lseek
 .text.putc_bfd
                0x000000000800a9e6       0x7a ./Middlewares/Third_Party/FatFs/src/ff.o
 .text.putc_flush
                0x000000000800aa60       0x4a ./Middlewares/Third_Party/FatFs/src/ff.o
 .text.putc_init
                0x000000000800aaaa       0x2a ./Middlewares/Third_Party/FatFs/src/ff.o
 .text.f_printf
                0x000000000800aad4      0x43c ./Middlewares/Third_Party/FatFs/src/ff.o
                0x000000000800aad4                f_printf
 .text.FATFS_LinkDriverEx
                0x000000000800af10       0x98 ./Middlewares/Third_Party/FatFs/src/ff_gen_drv.o
                0x000000000800af10                FATFS_LinkDriverEx
 .text.FATFS_LinkDriver
                0x000000000800afa8       0x1e ./Middlewares/Third_Party/FatFs/src/ff_gen_drv.o
                0x000000000800afa8                FATFS_LinkDriver
 .text.atoi     0x000000000800afc6        0x8 /opt/st/stm32cubeide_1.9.0/plugins/com.st.stm32cube.ide.mcu.externaltools.gnu-tools-for-stm32.10.3-2021.10.linux64_1.0.0.202111181127/tools/bin/../lib/gcc/arm-none-eabi/10.3.1/../../../../arm-none-eabi/lib/thumb/v7e-m+fp/hard/libc_nano.a(lib_a-atoi.o)
                0x000000000800afc6                atoi
 *fill*         0x000000000800afce        0x2 
 .text.__errno  0x000000000800afd0        0xc /opt/st/stm32cubeide_1.9.0/plugins/com.st.stm32cube.ide.mcu.externaltools.gnu-tools-for-stm32.10.3-2021.10.linux64_1.0.0.202111181127/tools/bin/../lib/gcc/arm-none-eabi/10.3.1/../../../../arm-none-eabi/lib/thumb/v7e-m+fp/hard/libc_nano.a(lib_a-errno.o)
                0x000000000800afd0                __errno
 .text.__libc_init_array
                0x000000000800afdc       0x48 /opt/st/stm32cubeide_1.9.0/plugins/com.st.stm32cube.ide.mcu.externaltools.gnu-tools-for-stm32.10.3-2021.10.linux64_1.0.0.202111181127/tools/bin/../lib/gcc/arm-none-eabi/10.3.1/../../../../arm-none-eabi/lib/thumb/v7e-m+fp/hard/libc_nano.a(lib_a-init.o)
                0x000000000800afdc                __libc_init_array
 .text.malloc   0x000000000800b024       0x10 /opt/st/stm32cubeide_1.9.0/plugins/com.st.stm32cube.ide.mcu.externaltools.gnu-tools-for-stm32.10.3-2021.10.linux64_1.0.0.202111181127/tools/bin/../lib/gcc/arm-none-eabi/10.3.1/../../../../arm-none-eabi/lib/thumb/v7e-m+fp/hard/libc_nano.a(lib_a-malloc.o)
                0x000000000800b024                malloc
 .text.memset   0x000000000800b034       0x10 /opt/st/stm32cubeide_1.9.0/plugins/com.st.stm32cube.ide.mcu.externaltools.gnu-tools-for-stm32.10.3-2021.10.linux64_1.0.0.202111181127/tools/bin/../lib/gcc/arm-none-eabi/10.3.1/../../../../arm-none-eabi/lib/thumb/v7e-m+fp/hard/libc_nano.a(lib_a-memset.o)
                0x000000000800b034                memset
 .text._free_r  0x000000000800b044       0x98 /opt/st/stm32cubeide_1.9.0/plugins/com.st.stm32cube.ide.mcu.externaltools.gnu-tools-for-stm32.10.3-2021.10.linux64_1.0.0.202111181127/tools/bin/../lib/gcc/arm-none-eabi/10.3.1/../../../../arm-none-eabi/lib/thumb/v7e-m+fp/hard/libc_nano.a(lib_a-nano-freer.o)
                0x000000000800b044                _free_r
 .text.sbrk_aligned
                0x000000000800b0dc       0x40 /opt/st/stm32cubeide_1.9.0/plugins/com.st.stm32cube.ide.mcu.externaltools.gnu-tools-for-stm32.10.3-2021.10.linux64_1.0.0.202111181127/tools/bin/../lib/gcc/arm-none-eabi/10.3.1/../../../../arm-none-eabi/lib/thumb/v7e-m+fp/hard/libc_nano.a(lib_a-nano-mallocr.o)
 .text._malloc_r
                0x000000000800b11c       0xe8 /opt/st/stm32cubeide_1.9.0/plugins/com.st.stm32cube.ide.mcu.externaltools.gnu-tools-for-stm32.10.3-2021.10.linux64_1.0.0.202111181127/tools/bin/../lib/gcc/arm-none-eabi/10.3.1/../../../../arm-none-eabi/lib/thumb/v7e-m+fp/hard/libc_nano.a(lib_a-nano-mallocr.o)
                0x000000000800b11c                _malloc_r
 .text._sbrk_r  0x000000000800b204       0x20 /opt/st/stm32cubeide_1.9.0/plugins/com.st.stm32cube.ide.mcu.externaltools.gnu-tools-for-stm32.10.3-2021.10.linux64_1.0.0.202111181127/tools/bin/../lib/gcc/arm-none-eabi/10.3.1/../../../../arm-none-eabi/lib/thumb/v7e-m+fp/hard/libc_nano.a(lib_a-sbrkr.o)
                0x000000000800b204                _sbrk_r
 .text.sprintf  0x000000000800b224       0x40 /opt/st/stm32cubeide_1.9.0/plugins/com.st.stm32cube.ide.mcu.externaltools.gnu-tools-for-stm32.10.3-2021.10.linux64_1.0.0.202111181127/tools/bin/../lib/gcc/arm-none-eabi/10.3.1/../../../../arm-none-eabi/lib/thumb/v7e-m+fp/hard/libc_nano.a(lib_a-sprintf.o)
                0x000000000800b224                sprintf
                0x000000000800b224                siprintf
 .text._strtol_l.constprop.0
                0x000000000800b264      0x104 /opt/st/stm32cubeide_1.9.0/plugins/com.st.stm32cube.ide.mcu.externaltools.gnu-tools-for-stm32.10.3-2021.10.linux64_1.0.0.202111181127/tools/bin/../lib/gcc/arm-none-eabi/10.3.1/../../../../arm-none-eabi/lib/thumb/v7e-m+fp/hard/libc_nano.a(lib_a-strtol.o)
 .text.strtol   0x000000000800b368       0x14 /opt/st/stm32cubeide_1.9.0/plugins/com.st.stm32cube.ide.mcu.externaltools.gnu-tools-for-stm32.10.3-2021.10.linux64_1.0.0.202111181127/tools/bin/../lib/gcc/arm-none-eabi/10.3.1/../../../../arm-none-eabi/lib/thumb/v7e-m+fp/hard/libc_nano.a(lib_a-strtol.o)
                0x000000000800b368                strtol
 .text.__malloc_lock
                0x000000000800b37c        0xc /opt/st/stm32cubeide_1.9.0/plugins/com.st.stm32cube.ide.mcu.externaltools.gnu-tools-for-stm32.10.3-2021.10.linux64_1.0.0.202111181127/tools/bin/../lib/gcc/arm-none-eabi/10.3.1/../../../../arm-none-eabi/lib/thumb/v7e-m+fp/hard/libc_nano.a(lib_a-mlock.o)
                0x000000000800b37c                __malloc_lock
 .text.__malloc_unlock
                0x000000000800b388        0xc /opt/st/stm32cubeide_1.9.0/plugins/com.st.stm32cube.ide.mcu.externaltools.gnu-tools-for-stm32.10.3-2021.10.linux64_1.0.0.202111181127/tools/bin/../lib/gcc/arm-none-eabi/10.3.1/../../../../arm-none-eabi/lib/thumb/v7e-m+fp/hard/libc_nano.a(lib_a-mlock.o)
                0x000000000800b388                __malloc_unlock
 .text.__ssputs_r
                0x000000000800b394       0xb6 /opt/st/stm32cubeide_1.9.0/plugins/com.st.stm32cube.ide.mcu.externaltools.gnu-tools-for-stm32.10.3-2021.10.linux64_1.0.0.202111181127/tools/bin/../lib/gcc/arm-none-eabi/10.3.1/../../../../arm-none-eabi/lib/thumb/v7e-m+fp/hard/libc_nano.a(lib_a-nano-svfprintf.o)
                0x000000000800b394                __ssputs_r
 *fill*         0x000000000800b44a        0x2 
 .text._svfprintf_r
                0x000000000800b44c      0x200 /opt/st/stm32cubeide_1.9.0/plugins/com.st.stm32cube.ide.mcu.externaltools.gnu-tools-for-stm32.10.3-2021.10.linux64_1.0.0.202111181127/tools/bin/../lib/gcc/arm-none-eabi/10.3.1/../../../../arm-none-eabi/lib/thumb/v7e-m+fp/hard/libc_nano.a(lib_a-nano-svfprintf.o)
                0x000000000800b44c                _svfprintf_r
                0x000000000800b44c                _svfiprintf_r
 .text._printf_common
                0x000000000800b64c       0xda /opt/st/stm32cubeide_1.9.0/plugins/com.st.stm32cube.ide.mcu.externaltools.gnu-tools-for-stm32.10.3-2021.10.linux64_1.0.0.202111181127/tools/bin/../lib/gcc/arm-none-eabi/10.3.1/../../../../arm-none-eabi/lib/thumb/v7e-m+fp/hard/libc_nano.a(lib_a-nano-vfprintf_i.o)
                0x000000000800b64c                _printf_common
 *fill*         0x000000000800b726        0x2 
 .text._printf_i
                0x000000000800b728      0x24c /opt/st/stm32cubeide_1.9.0/plugins/com.st.stm32cube.ide.mcu.externaltools.gnu-tools-for-stm32.10.3-2021.10.linux64_1.0.0.202111181127/tools/bin/../lib/gcc/arm-none-eabi/10.3.1/../../../../arm-none-eabi/lib/thumb/v7e-m+fp/hard/libc_nano.a(lib_a-nano-vfprintf_i.o)
                0x000000000800b728                _printf_i
 .text.__retarget_lock_acquire_recursive
                0x000000000800b974        0x2 /opt/st/stm32cubeide_1.9.0/plugins/com.st.stm32cube.ide.mcu.externaltools.gnu-tools-for-stm32.10.3-2021.10.linux64_1.0.0.202111181127/tools/bin/../lib/gcc/arm-none-eabi/10.3.1/../../../../arm-none-eabi/lib/thumb/v7e-m+fp/hard/libc_nano.a(lib_a-lock.o)
                0x000000000800b974                __retarget_lock_acquire_recursive
 .text.__retarget_lock_release_recursive
                0x000000000800b976        0x2 /opt/st/stm32cubeide_1.9.0/plugins/com.st.stm32cube.ide.mcu.externaltools.gnu-tools-for-stm32.10.3-2021.10.linux64_1.0.0.202111181127/tools/bin/../lib/gcc/arm-none-eabi/10.3.1/../../../../arm-none-eabi/lib/thumb/v7e-m+fp/hard/libc_nano.a(lib_a-lock.o)
                0x000000000800b976                __retarget_lock_release_recursive
 .text.memcpy   0x000000000800b978       0x1c /opt/st/stm32cubeide_1.9.0/plugins/com.st.stm32cube.ide.mcu.externaltools.gnu-tools-for-stm32.10.3-2021.10.linux64_1.0.0.202111181127/tools/bin/../lib/gcc/arm-none-eabi/10.3.1/../../../../arm-none-eabi/lib/thumb/v7e-m+fp/hard/libc_nano.a(lib_a-memcpy-stub.o)
                0x000000000800b978                memcpy
 .text.memmove  0x000000000800b994       0x34 /opt/st/stm32cubeide_1.9.0/plugins/com.st.stm32cube.ide.mcu.externaltools.gnu-tools-for-stm32.10.3-2021.10.linux64_1.0.0.202111181127/tools/bin/../lib/gcc/arm-none-eabi/10.3.1/../../../../arm-none-eabi/lib/thumb/v7e-m+fp/hard/libc_nano.a(lib_a-memmove.o)
                0x000000000800b994                memmove
 .text._realloc_r
                0x000000000800b9c8       0x5e /opt/st/stm32cubeide_1.9.0/plugins/com.st.stm32cube.ide.mcu.externaltools.gnu-tools-for-stm32.10.3-2021.10.linux64_1.0.0.202111181127/tools/bin/../lib/gcc/arm-none-eabi/10.3.1/../../../../arm-none-eabi/lib/thumb/v7e-m+fp/hard/libc_nano.a(lib_a-nano-reallocr.o)
                0x000000000800b9c8                _realloc_r
 .text._malloc_usable_size_r
                0x000000000800ba26       0x10 /opt/st/stm32cubeide_1.9.0/plugins/com.st.stm32cube.ide.mcu.externaltools.gnu-tools-for-stm32.10.3-2021.10.linux64_1.0.0.202111181127/tools/bin/../lib/gcc/arm-none-eabi/10.3.1/../../../../arm-none-eabi/lib/thumb/v7e-m+fp/hard/libc_nano.a(lib_a-nano-msizer.o)
                0x000000000800ba26                _malloc_usable_size_r
 *(.glue_7)
 .glue_7        0x000000000800ba36        0x0 linker stubs
 *(.glue_7t)
 .glue_7t       0x000000000800ba36        0x0 linker stubs
 *(.eh_frame)
 *fill*         0x000000000800ba36        0x2 
 .eh_frame      0x000000000800ba38        0x0 /opt/st/stm32cubeide_1.9.0/plugins/com.st.stm32cube.ide.mcu.externaltools.gnu-tools-for-stm32.10.3-2021.10.linux64_1.0.0.202111181127/tools/bin/../lib/gcc/arm-none-eabi/10.3.1/thumb/v7e-m+fp/hard/crtbegin.o
 *(.init)
 .init          0x000000000800ba38        0x4 /opt/st/stm32cubeide_1.9.0/plugins/com.st.stm32cube.ide.mcu.externaltools.gnu-tools-for-stm32.10.3-2021.10.linux64_1.0.0.202111181127/tools/bin/../lib/gcc/arm-none-eabi/10.3.1/thumb/v7e-m+fp/hard/crti.o
                0x000000000800ba38                _init
 .init          0x000000000800ba3c        0x8 /opt/st/stm32cubeide_1.9.0/plugins/com.st.stm32cube.ide.mcu.externaltools.gnu-tools-for-stm32.10.3-2021.10.linux64_1.0.0.202111181127/tools/bin/../lib/gcc/arm-none-eabi/10.3.1/thumb/v7e-m+fp/hard/crtn.o
 *(.fini)
 .fini          0x000000000800ba44        0x4 /opt/st/stm32cubeide_1.9.0/plugins/com.st.stm32cube.ide.mcu.externaltools.gnu-tools-for-stm32.10.3-2021.10.linux64_1.0.0.202111181127/tools/bin/../lib/gcc/arm-none-eabi/10.3.1/thumb/v7e-m+fp/hard/crti.o
                0x000000000800ba44                _fini
 .fini          0x000000000800ba48        0x8 /opt/st/stm32cubeide_1.9.0/plugins/com.st.stm32cube.ide.mcu.externaltools.gnu-tools-for-stm32.10.3-2021.10.linux64_1.0.0.202111181127/tools/bin/../lib/gcc/arm-none-eabi/10.3.1/thumb/v7e-m+fp/hard/crtn.o
                0x000000000800ba50                . = ALIGN (0x4)
                0x000000000800ba50                _etext = .

.vfp11_veneer   0x000000000800ba50        0x0
 .vfp11_veneer  0x000000000800ba50        0x0 linker stubs

.v4_bx          0x000000000800ba50        0x0
 .v4_bx         0x000000000800ba50        0x0 linker stubs

.iplt           0x000000000800ba50        0x0
 .iplt          0x000000000800ba50        0x0 /opt/st/stm32cubeide_1.9.0/plugins/com.st.stm32cube.ide.mcu.externaltools.gnu-tools-for-stm32.10.3-2021.10.linux64_1.0.0.202111181127/tools/bin/../lib/gcc/arm-none-eabi/10.3.1/thumb/v7e-m+fp/hard/crtbegin.o

.rodata         0x000000000800ba50     0x1d84
                0x000000000800ba50                . = ALIGN (0x4)
 *(.rodata)
 .rodata        0x000000000800ba50       0xa7 ./Core/Src/main.o
 *fill*         0x000000000800baf7        0x1 
 .rodata        0x000000000800baf8       0x44 ./Middlewares/Third_Party/FatFs/src/ff.o
 *(.rodata*)
 .rodata.AHBPrescTable
                0x000000000800bb3c       0x10 ./Core/Src/system_stm32f7xx.o
                0x000000000800bb3c                AHBPrescTable
 .rodata.flagBitshiftOffset.0
                0x000000000800bb4c        0x8 ./Drivers/STM32F7xx_HAL_Driver/Src/stm32f7xx_hal_dma.o
 .rodata.SD_Driver
                0x000000000800bb54       0x14 ./FATFS/Target/sd_diskio.o
                0x000000000800bb54                SD_Driver
 .rodata.Font24_Table
                0x000000000800bb68     0x1ab8 ./GUI files/font24.o
                0x000000000800bb68                Font24_Table
 .rodata.ExCvt  0x000000000800d620       0x80 ./Middlewares/Third_Party/FatFs/src/ff.o
 .rodata._ctype_
                0x000000000800d6a0      0x101 /opt/st/stm32cubeide_1.9.0/plugins/com.st.stm32cube.ide.mcu.externaltools.gnu-tools-for-stm32.10.3-2021.10.linux64_1.0.0.202111181127/tools/bin/../lib/gcc/arm-none-eabi/10.3.1/../../../../arm-none-eabi/lib/thumb/v7e-m+fp/hard/libc_nano.a(lib_a-ctype_.o)
                0x000000000800d6a0                _ctype_
 .rodata._svfprintf_r.str1.1
                0x000000000800d7a1       0x11 /opt/st/stm32cubeide_1.9.0/plugins/com.st.stm32cube.ide.mcu.externaltools.gnu-tools-for-stm32.10.3-2021.10.linux64_1.0.0.202111181127/tools/bin/../lib/gcc/arm-none-eabi/10.3.1/../../../../arm-none-eabi/lib/thumb/v7e-m+fp/hard/libc_nano.a(lib_a-nano-svfprintf.o)
 .rodata._printf_i.str1.1
                0x000000000800d7b2       0x22 /opt/st/stm32cubeide_1.9.0/plugins/com.st.stm32cube.ide.mcu.externaltools.gnu-tools-for-stm32.10.3-2021.10.linux64_1.0.0.202111181127/tools/bin/../lib/gcc/arm-none-eabi/10.3.1/../../../../arm-none-eabi/lib/thumb/v7e-m+fp/hard/libc_nano.a(lib_a-nano-vfprintf_i.o)
                0x000000000800d7d4                . = ALIGN (0x4)

.ARM.extab      0x000000000800d7d4        0x0
                0x000000000800d7d4                . = ALIGN (0x4)
 *(.ARM.extab* .gnu.linkonce.armextab.*)
                0x000000000800d7d4                . = ALIGN (0x4)

.ARM            0x000000000800d7d4        0x8
                0x000000000800d7d4                . = ALIGN (0x4)
                0x000000000800d7d4                __exidx_start = .
 *(.ARM.exidx*)
 .ARM.exidx     0x000000000800d7d4        0x8 /opt/st/stm32cubeide_1.9.0/plugins/com.st.stm32cube.ide.mcu.externaltools.gnu-tools-for-stm32.10.3-2021.10.linux64_1.0.0.202111181127/tools/bin/../lib/gcc/arm-none-eabi/10.3.1/thumb/v7e-m+fp/hard/libgcc.a(_udivmoddi4.o)
                0x000000000800d7dc                __exidx_end = .
                0x000000000800d7dc                . = ALIGN (0x4)

.rel.dyn        0x000000000800d7dc        0x0
 .rel.iplt      0x000000000800d7dc        0x0 /opt/st/stm32cubeide_1.9.0/plugins/com.st.stm32cube.ide.mcu.externaltools.gnu-tools-for-stm32.10.3-2021.10.linux64_1.0.0.202111181127/tools/bin/../lib/gcc/arm-none-eabi/10.3.1/thumb/v7e-m+fp/hard/crtbegin.o

.preinit_array  0x000000000800d7dc        0x0
                0x000000000800d7dc                . = ALIGN (0x4)
                0x000000000800d7dc                PROVIDE (__preinit_array_start = .)
 *(.preinit_array*)
                0x000000000800d7dc                PROVIDE (__preinit_array_end = .)
                0x000000000800d7dc                . = ALIGN (0x4)

.init_array     0x000000000800d7dc        0x4
                0x000000000800d7dc                . = ALIGN (0x4)
                0x000000000800d7dc                PROVIDE (__init_array_start = .)
 *(SORT_BY_NAME(.init_array.*))
 *(.init_array*)
 .init_array    0x000000000800d7dc        0x4 /opt/st/stm32cubeide_1.9.0/plugins/com.st.stm32cube.ide.mcu.externaltools.gnu-tools-for-stm32.10.3-2021.10.linux64_1.0.0.202111181127/tools/bin/../lib/gcc/arm-none-eabi/10.3.1/thumb/v7e-m+fp/hard/crtbegin.o
                0x000000000800d7e0                PROVIDE (__init_array_end = .)
                0x000000000800d7e0                . = ALIGN (0x4)

.fini_array     0x000000000800d7e0        0x4
                0x000000000800d7e0                . = ALIGN (0x4)
                [!provide]                        PROVIDE (__fini_array_start = .)
 *(SORT_BY_NAME(.fini_array.*))
 *(.fini_array*)
 .fini_array    0x000000000800d7e0        0x4 /opt/st/stm32cubeide_1.9.0/plugins/com.st.stm32cube.ide.mcu.externaltools.gnu-tools-for-stm32.10.3-2021.10.linux64_1.0.0.202111181127/tools/bin/../lib/gcc/arm-none-eabi/10.3.1/thumb/v7e-m+fp/hard/crtbegin.o
                [!provide]                        PROVIDE (__fini_array_end = .)
                0x000000000800d7e4                . = ALIGN (0x4)
                0x000000000800d7e4                _sidata = LOADADDR (.data)

.data           0x0000000020000000       0xd8 load address 0x000000000800d7e4
                0x0000000020000000                . = ALIGN (0x4)
                0x0000000020000000                _sdata = .
 *(.data)
 *(.data*)
 .data.buffwr   0x0000000020000000       0x32 ./Core/Src/main.o
                0x0000000020000000                buffwr
 *fill*         0x0000000020000032        0x2 
 .data.SystemCoreClock
                0x0000000020000034        0x4 ./Core/Src/system_stm32f7xx.o
                0x0000000020000034                SystemCoreClock
 .data.uwTickPrio
                0x0000000020000038        0x4 ./Drivers/STM32F7xx_HAL_Driver/Src/stm32f7xx_hal.o
                0x0000000020000038                uwTickPrio
 .data.uwTickFreq
                0x000000002000003c        0x1 ./Drivers/STM32F7xx_HAL_Driver/Src/stm32f7xx_hal.o
                0x000000002000003c                uwTickFreq
 .data.Stat     0x000000002000003d        0x1 ./FATFS/Target/sd_diskio.o
 *fill*         0x000000002000003e        0x2 
 .data.Font24   0x0000000020000040        0x8 ./GUI files/font24.o
                0x0000000020000040                Font24
 .data.ft5336_ts_drv
                0x0000000020000048       0x28 ./GUI files/ft5336.o
                0x0000000020000048                ft5336_ts_drv
 .data.sdramstatus.3
                0x0000000020000070        0x1 ./GUI files/stm32746g_discovery_sdram.o
 *fill*         0x0000000020000071        0x3 
 .data._impure_ptr
                0x0000000020000074        0x4 /opt/st/stm32cubeide_1.9.0/plugins/com.st.stm32cube.ide.mcu.externaltools.gnu-tools-for-stm32.10.3-2021.10.linux64_1.0.0.202111181127/tools/bin/../lib/gcc/arm-none-eabi/10.3.1/../../../../arm-none-eabi/lib/thumb/v7e-m+fp/hard/libc_nano.a(lib_a-impure.o)
                0x0000000020000074                _impure_ptr
 .data.impure_data
                0x0000000020000078       0x60 /opt/st/stm32cubeide_1.9.0/plugins/com.st.stm32cube.ide.mcu.externaltools.gnu-tools-for-stm32.10.3-2021.10.linux64_1.0.0.202111181127/tools/bin/../lib/gcc/arm-none-eabi/10.3.1/../../../../arm-none-eabi/lib/thumb/v7e-m+fp/hard/libc_nano.a(lib_a-impure.o)
 *(.RamFunc)
 *(.RamFunc*)
                0x00000000200000d8                . = ALIGN (0x4)
                0x00000000200000d8                _edata = .

.igot.plt       0x00000000200000d8        0x0 load address 0x000000000800d8bc
 .igot.plt      0x00000000200000d8        0x0 /opt/st/stm32cubeide_1.9.0/plugins/com.st.stm32cube.ide.mcu.externaltools.gnu-tools-for-stm32.10.3-2021.10.linux64_1.0.0.202111181127/tools/bin/../lib/gcc/arm-none-eabi/10.3.1/thumb/v7e-m+fp/hard/crtbegin.o
                0x00000000200000d8                . = ALIGN (0x4)

.bss            0x00000000200000d8      0x8f8 load address 0x000000000800d8bc
                0x00000000200000d8                _sbss = .
                0x00000000200000d8                __bss_start__ = _sbss
 *(.bss)
 .bss           0x00000000200000d8       0x1c /opt/st/stm32cubeide_1.9.0/plugins/com.st.stm32cube.ide.mcu.externaltools.gnu-tools-for-stm32.10.3-2021.10.linux64_1.0.0.202111181127/tools/bin/../lib/gcc/arm-none-eabi/10.3.1/thumb/v7e-m+fp/hard/crtbegin.o
 *(.bss*)
 .bss.hcrc      0x00000000200000f4       0x24 ./Core/Src/main.o
                0x00000000200000f4                hcrc
 .bss.hdma2d    0x0000000020000118       0x40 ./Core/Src/main.o
                0x0000000020000118                hdma2d
 .bss.hsd1      0x0000000020000158       0x84 ./Core/Src/main.o
                0x0000000020000158                hsd1
 .bss.res       0x00000000200001dc        0x1 ./Core/Src/main.o
                0x00000000200001dc                res
 *fill*         0x00000000200001dd        0x3 
 .bss.SDFatFs   0x00000000200001e0      0x230 ./Core/Src/main.o
                0x00000000200001e0                SDFatFs
 .bss.MyFile    0x0000000020000410      0x230 ./Core/Src/main.o
                0x0000000020000410                MyFile
 .bss.buffrd    0x0000000020000640       0x32 ./Core/Src/main.o
                0x0000000020000640                buffrd
 *fill*         0x0000000020000672        0x2 
 .bss.data      0x0000000020000674        0x4 ./Core/Src/main.o
                0x0000000020000674                data
 .bss.decimal   0x0000000020000678        0x4 ./Core/Src/main.o
                0x0000000020000678                decimal
 .bss.bytesread
                0x000000002000067c        0x4 ./Core/Src/main.o
                0x000000002000067c                bytesread
 .bss.ts        0x0000000020000680       0x2c ./Core/Src/main.o
                0x0000000020000680                ts
 .bss.__sbrk_heap_end
                0x00000000200006ac        0x4 ./Core/Src/sysmem.o
 .bss.uwTick    0x00000000200006b0        0x4 ./Drivers/STM32F7xx_HAL_Driver/Src/stm32f7xx_hal.o
                0x00000000200006b0                uwTick
 .bss.retSD     0x00000000200006b4        0x1 ./FATFS/App/fatfs.o
                0x00000000200006b4                retSD
 *fill*         0x00000000200006b5        0x3 
 .bss.SDPath    0x00000000200006b8        0x4 ./FATFS/App/fatfs.o
                0x00000000200006b8                SDPath
 .bss.ft5336_handle
                0x00000000200006bc        0x3 ./GUI files/ft5336.o
 *fill*         0x00000000200006bf        0x1 
 .bss.coord.0   0x00000000200006c0        0x2 ./GUI files/ft5336.o
 *fill*         0x00000000200006c2        0x2 
 .bss.hI2cAudioHandler
                0x00000000200006c4       0x4c ./GUI files/stm32746g_discovery.o
 .bss.hLtdcHandler
                0x0000000020000710       0xa8 ./GUI files/stm32746g_discovery_lcd.o
                0x0000000020000710                hLtdcHandler
 .bss.hDma2dHandler
                0x00000000200007b8       0x40 ./GUI files/stm32746g_discovery_lcd.o
 .bss.ActiveLayer
                0x00000000200007f8        0x4 ./GUI files/stm32746g_discovery_lcd.o
 .bss.DrawProp  0x00000000200007fc       0x18 ./GUI files/stm32746g_discovery_lcd.o
 .bss.periph_clk_init_struct.0
                0x0000000020000814       0x84 ./GUI files/stm32746g_discovery_lcd.o
 .bss.sdramHandle
                0x0000000020000898       0x34 ./GUI files/stm32746g_discovery_sdram.o
                0x0000000020000898                sdramHandle
 .bss.Timing    0x00000000200008cc       0x1c ./GUI files/stm32746g_discovery_sdram.o
 .bss.Command   0x00000000200008e8       0x10 ./GUI files/stm32746g_discovery_sdram.o
 .bss.dma_handle.1
                0x00000000200008f8       0x60 ./GUI files/stm32746g_discovery_sdram.o
 .bss.tsDriver  0x0000000020000958        0x4 ./GUI files/stm32746g_discovery_ts.o
 .bss.tsXBoundary
                0x000000002000095c        0x2 ./GUI files/stm32746g_discovery_ts.o
 .bss.tsYBoundary
                0x000000002000095e        0x2 ./GUI files/stm32746g_discovery_ts.o
 .bss.tsOrientation
                0x0000000020000960        0x1 ./GUI files/stm32746g_discovery_ts.o
 .bss.I2cAddress
                0x0000000020000961        0x1 ./GUI files/stm32746g_discovery_ts.o
 *fill*         0x0000000020000962        0x2 
 .bss._x.1      0x0000000020000964       0x14 ./GUI files/stm32746g_discovery_ts.o
 .bss._y.0      0x0000000020000978       0x14 ./GUI files/stm32746g_discovery_ts.o
 .bss.FatFs     0x000000002000098c        0x4 ./Middlewares/Third_Party/FatFs/src/ff.o
 .bss.Fsid      0x0000000020000990        0x2 ./Middlewares/Third_Party/FatFs/src/ff.o
 *fill*         0x0000000020000992        0x2 
 .bss.Files     0x0000000020000994       0x20 ./Middlewares/Third_Party/FatFs/src/ff.o
 .bss.disk      0x00000000200009b4        0xc ./Middlewares/Third_Party/FatFs/src/ff_gen_drv.o
                0x00000000200009b4                disk
 .bss.__malloc_free_list
                0x00000000200009c0        0x4 /opt/st/stm32cubeide_1.9.0/plugins/com.st.stm32cube.ide.mcu.externaltools.gnu-tools-for-stm32.10.3-2021.10.linux64_1.0.0.202111181127/tools/bin/../lib/gcc/arm-none-eabi/10.3.1/../../../../arm-none-eabi/lib/thumb/v7e-m+fp/hard/libc_nano.a(lib_a-nano-mallocr.o)
                0x00000000200009c0                __malloc_free_list
 .bss.__malloc_sbrk_start
                0x00000000200009c4        0x4 /opt/st/stm32cubeide_1.9.0/plugins/com.st.stm32cube.ide.mcu.externaltools.gnu-tools-for-stm32.10.3-2021.10.linux64_1.0.0.202111181127/tools/bin/../lib/gcc/arm-none-eabi/10.3.1/../../../../arm-none-eabi/lib/thumb/v7e-m+fp/hard/libc_nano.a(lib_a-nano-mallocr.o)
                0x00000000200009c4                __malloc_sbrk_start
 .bss.errno     0x00000000200009c8        0x4 /opt/st/stm32cubeide_1.9.0/plugins/com.st.stm32cube.ide.mcu.externaltools.gnu-tools-for-stm32.10.3-2021.10.linux64_1.0.0.202111181127/tools/bin/../lib/gcc/arm-none-eabi/10.3.1/../../../../arm-none-eabi/lib/thumb/v7e-m+fp/hard/libc_nano.a(lib_a-reent.o)
                0x00000000200009c8                errno
 .bss.__lock___malloc_recursive_mutex
                0x00000000200009cc        0x1 /opt/st/stm32cubeide_1.9.0/plugins/com.st.stm32cube.ide.mcu.externaltools.gnu-tools-for-stm32.10.3-2021.10.linux64_1.0.0.202111181127/tools/bin/../lib/gcc/arm-none-eabi/10.3.1/../../../../arm-none-eabi/lib/thumb/v7e-m+fp/hard/libc_nano.a(lib_a-lock.o)
                0x00000000200009cc                __lock___malloc_recursive_mutex
 *(COMMON)
                0x00000000200009d0                . = ALIGN (0x4)
 *fill*         0x00000000200009cd        0x3 
                0x00000000200009d0                _ebss = .
                0x00000000200009d0                __bss_end__ = _ebss

._user_heap_stack
                0x00000000200009d0      0xc00 load address 0x000000000800d8bc
                0x00000000200009d0                . = ALIGN (0x8)
                [!provide]                        PROVIDE (end = .)
                0x00000000200009d0                PROVIDE (_end = .)
                0x0000000020000dd0                . = (. + _Min_Heap_Size)
 *fill*         0x00000000200009d0      0x400 
                0x00000000200015d0                . = (. + _Min_Stack_Size)
 *fill*         0x0000000020000dd0      0x800 
                0x00000000200015d0                . = ALIGN (0x8)

/DISCARD/
 libc.a(*)
 libm.a(*)
 libgcc.a(*)

.ARM.attributes
                0x0000000000000000       0x30
 *(.ARM.attributes)
 .ARM.attributes
                0x0000000000000000       0x1e /opt/st/stm32cubeide_1.9.0/plugins/com.st.stm32cube.ide.mcu.externaltools.gnu-tools-for-stm32.10.3-2021.10.linux64_1.0.0.202111181127/tools/bin/../lib/gcc/arm-none-eabi/10.3.1/thumb/v7e-m+fp/hard/crti.o
 .ARM.attributes
                0x000000000000001e       0x34 /opt/st/stm32cubeide_1.9.0/plugins/com.st.stm32cube.ide.mcu.externaltools.gnu-tools-for-stm32.10.3-2021.10.linux64_1.0.0.202111181127/tools/bin/../lib/gcc/arm-none-eabi/10.3.1/thumb/v7e-m+fp/hard/crtbegin.o
 .ARM.attributes
                0x0000000000000052       0x34 ./Core/Src/main.o
 .ARM.attributes
                0x0000000000000086       0x34 ./Core/Src/stm32f7xx_hal_ltdc.o
 .ARM.attributes
                0x00000000000000ba       0x34 ./Core/Src/stm32f7xx_hal_msp.o
 .ARM.attributes
                0x00000000000000ee       0x34 ./Core/Src/stm32f7xx_hal_sdram.o
 .ARM.attributes
                0x0000000000000122       0x34 ./Core/Src/stm32f7xx_it.o
 .ARM.attributes
                0x0000000000000156       0x34 ./Core/Src/stm32f7xx_ll_fmc.o
 .ARM.attributes
                0x000000000000018a       0x34 ./Core/Src/sysmem.o
 .ARM.attributes
                0x00000000000001be       0x34 ./Core/Src/system_stm32f7xx.o
 .ARM.attributes
                0x00000000000001f2       0x21 ./Core/Startup/startup_stm32f746nghx.o
 .ARM.attributes
                0x0000000000000213       0x34 ./Drivers/STM32F7xx_HAL_Driver/Src/stm32f7xx_hal.o
 .ARM.attributes
                0x0000000000000247       0x34 ./Drivers/STM32F7xx_HAL_Driver/Src/stm32f7xx_hal_cortex.o
 .ARM.attributes
                0x000000000000027b       0x34 ./Drivers/STM32F7xx_HAL_Driver/Src/stm32f7xx_hal_crc.o
 .ARM.attributes
                0x00000000000002af       0x34 ./Drivers/STM32F7xx_HAL_Driver/Src/stm32f7xx_hal_crc_ex.o
 .ARM.attributes
                0x00000000000002e3       0x34 ./Drivers/STM32F7xx_HAL_Driver/Src/stm32f7xx_hal_dma.o
 .ARM.attributes
                0x0000000000000317       0x34 ./Drivers/STM32F7xx_HAL_Driver/Src/stm32f7xx_hal_dma2d.o
 .ARM.attributes
                0x000000000000034b       0x34 ./Drivers/STM32F7xx_HAL_Driver/Src/stm32f7xx_hal_gpio.o
 .ARM.attributes
                0x000000000000037f       0x34 ./Drivers/STM32F7xx_HAL_Driver/Src/stm32f7xx_hal_i2c.o
 .ARM.attributes
                0x00000000000003b3       0x34 ./Drivers/STM32F7xx_HAL_Driver/Src/stm32f7xx_hal_pwr.o
 .ARM.attributes
                0x00000000000003e7       0x34 ./Drivers/STM32F7xx_HAL_Driver/Src/stm32f7xx_hal_pwr_ex.o
 .ARM.attributes
                0x000000000000041b       0x34 ./Drivers/STM32F7xx_HAL_Driver/Src/stm32f7xx_hal_rcc.o
 .ARM.attributes
                0x000000000000044f       0x34 ./Drivers/STM32F7xx_HAL_Driver/Src/stm32f7xx_hal_rcc_ex.o
 .ARM.attributes
                0x0000000000000483       0x34 ./Drivers/STM32F7xx_HAL_Driver/Src/stm32f7xx_hal_sd.o
 .ARM.attributes
                0x00000000000004b7       0x34 ./Drivers/STM32F7xx_HAL_Driver/Src/stm32f7xx_ll_sdmmc.o
 .ARM.attributes
                0x00000000000004eb       0x34 ./FATFS/App/fatfs.o
 .ARM.attributes
                0x000000000000051f       0x34 ./FATFS/Target/bsp_driver_sd.o
 .ARM.attributes
                0x0000000000000553       0x34 ./FATFS/Target/sd_diskio.o
 .ARM.attributes
                0x0000000000000587       0x34 ./GUI files/font24.o
 .ARM.attributes
                0x00000000000005bb       0x34 ./GUI files/ft5336.o
 .ARM.attributes
                0x00000000000005ef       0x34 ./GUI files/stm32746g_discovery.o
 .ARM.attributes
                0x0000000000000623       0x34 ./GUI files/stm32746g_discovery_lcd.o
 .ARM.attributes
                0x0000000000000657       0x34 ./GUI files/stm32746g_discovery_sdram.o
 .ARM.attributes
                0x000000000000068b       0x34 ./GUI files/stm32746g_discovery_ts.o
 .ARM.attributes
                0x00000000000006bf       0x34 ./Middlewares/Third_Party/FatFs/src/diskio.o
 .ARM.attributes
                0x00000000000006f3       0x34 ./Middlewares/Third_Party/FatFs/src/ff.o
 .ARM.attributes
                0x0000000000000727       0x34 ./Middlewares/Third_Party/FatFs/src/ff_gen_drv.o
 .ARM.attributes
                0x000000000000075b       0x34 /opt/st/stm32cubeide_1.9.0/plugins/com.st.stm32cube.ide.mcu.externaltools.gnu-tools-for-stm32.10.3-2021.10.linux64_1.0.0.202111181127/tools/bin/../lib/gcc/arm-none-eabi/10.3.1/../../../../arm-none-eabi/lib/thumb/v7e-m+fp/hard/libc_nano.a(lib_a-atoi.o)
 .ARM.attributes
                0x000000000000078f       0x34 /opt/st/stm32cubeide_1.9.0/plugins/com.st.stm32cube.ide.mcu.externaltools.gnu-tools-for-stm32.10.3-2021.10.linux64_1.0.0.202111181127/tools/bin/../lib/gcc/arm-none-eabi/10.3.1/../../../../arm-none-eabi/lib/thumb/v7e-m+fp/hard/libc_nano.a(lib_a-errno.o)
 .ARM.attributes
                0x00000000000007c3       0x34 /opt/st/stm32cubeide_1.9.0/plugins/com.st.stm32cube.ide.mcu.externaltools.gnu-tools-for-stm32.10.3-2021.10.linux64_1.0.0.202111181127/tools/bin/../lib/gcc/arm-none-eabi/10.3.1/../../../../arm-none-eabi/lib/thumb/v7e-m+fp/hard/libc_nano.a(lib_a-impure.o)
 .ARM.attributes
                0x00000000000007f7       0x34 /opt/st/stm32cubeide_1.9.0/plugins/com.st.stm32cube.ide.mcu.externaltools.gnu-tools-for-stm32.10.3-2021.10.linux64_1.0.0.202111181127/tools/bin/../lib/gcc/arm-none-eabi/10.3.1/../../../../arm-none-eabi/lib/thumb/v7e-m+fp/hard/libc_nano.a(lib_a-init.o)
 .ARM.attributes
                0x000000000000082b       0x34 /opt/st/stm32cubeide_1.9.0/plugins/com.st.stm32cube.ide.mcu.externaltools.gnu-tools-for-stm32.10.3-2021.10.linux64_1.0.0.202111181127/tools/bin/../lib/gcc/arm-none-eabi/10.3.1/../../../../arm-none-eabi/lib/thumb/v7e-m+fp/hard/libc_nano.a(lib_a-malloc.o)
 .ARM.attributes
                0x000000000000085f       0x34 /opt/st/stm32cubeide_1.9.0/plugins/com.st.stm32cube.ide.mcu.externaltools.gnu-tools-for-stm32.10.3-2021.10.linux64_1.0.0.202111181127/tools/bin/../lib/gcc/arm-none-eabi/10.3.1/../../../../arm-none-eabi/lib/thumb/v7e-m+fp/hard/libc_nano.a(lib_a-memset.o)
 .ARM.attributes
                0x0000000000000893       0x34 /opt/st/stm32cubeide_1.9.0/plugins/com.st.stm32cube.ide.mcu.externaltools.gnu-tools-for-stm32.10.3-2021.10.linux64_1.0.0.202111181127/tools/bin/../lib/gcc/arm-none-eabi/10.3.1/../../../../arm-none-eabi/lib/thumb/v7e-m+fp/hard/libc_nano.a(lib_a-nano-freer.o)
 .ARM.attributes
                0x00000000000008c7       0x34 /opt/st/stm32cubeide_1.9.0/plugins/com.st.stm32cube.ide.mcu.externaltools.gnu-tools-for-stm32.10.3-2021.10.linux64_1.0.0.202111181127/tools/bin/../lib/gcc/arm-none-eabi/10.3.1/../../../../arm-none-eabi/lib/thumb/v7e-m+fp/hard/libc_nano.a(lib_a-nano-mallocr.o)
 .ARM.attributes
                0x00000000000008fb       0x34 /opt/st/stm32cubeide_1.9.0/plugins/com.st.stm32cube.ide.mcu.externaltools.gnu-tools-for-stm32.10.3-2021.10.linux64_1.0.0.202111181127/tools/bin/../lib/gcc/arm-none-eabi/10.3.1/../../../../arm-none-eabi/lib/thumb/v7e-m+fp/hard/libc_nano.a(lib_a-sbrkr.o)
 .ARM.attributes
                0x000000000000092f       0x34 /opt/st/stm32cubeide_1.9.0/plugins/com.st.stm32cube.ide.mcu.externaltools.gnu-tools-for-stm32.10.3-2021.10.linux64_1.0.0.202111181127/tools/bin/../lib/gcc/arm-none-eabi/10.3.1/../../../../arm-none-eabi/lib/thumb/v7e-m+fp/hard/libc_nano.a(lib_a-sprintf.o)
 .ARM.attributes
                0x0000000000000963       0x34 /opt/st/stm32cubeide_1.9.0/plugins/com.st.stm32cube.ide.mcu.externaltools.gnu-tools-for-stm32.10.3-2021.10.linux64_1.0.0.202111181127/tools/bin/../lib/gcc/arm-none-eabi/10.3.1/../../../../arm-none-eabi/lib/thumb/v7e-m+fp/hard/libc_nano.a(lib_a-strtol.o)
 .ARM.attributes
                0x0000000000000997       0x34 /opt/st/stm32cubeide_1.9.0/plugins/com.st.stm32cube.ide.mcu.externaltools.gnu-tools-for-stm32.10.3-2021.10.linux64_1.0.0.202111181127/tools/bin/../lib/gcc/arm-none-eabi/10.3.1/../../../../arm-none-eabi/lib/thumb/v7e-m+fp/hard/libc_nano.a(lib_a-ctype_.o)
 .ARM.attributes
                0x00000000000009cb       0x34 /opt/st/stm32cubeide_1.9.0/plugins/com.st.stm32cube.ide.mcu.externaltools.gnu-tools-for-stm32.10.3-2021.10.linux64_1.0.0.202111181127/tools/bin/../lib/gcc/arm-none-eabi/10.3.1/../../../../arm-none-eabi/lib/thumb/v7e-m+fp/hard/libc_nano.a(lib_a-mlock.o)
 .ARM.attributes
                0x00000000000009ff       0x34 /opt/st/stm32cubeide_1.9.0/plugins/com.st.stm32cube.ide.mcu.externaltools.gnu-tools-for-stm32.10.3-2021.10.linux64_1.0.0.202111181127/tools/bin/../lib/gcc/arm-none-eabi/10.3.1/../../../../arm-none-eabi/lib/thumb/v7e-m+fp/hard/libc_nano.a(lib_a-nano-svfprintf.o)
 .ARM.attributes
                0x0000000000000a33       0x34 /opt/st/stm32cubeide_1.9.0/plugins/com.st.stm32cube.ide.mcu.externaltools.gnu-tools-for-stm32.10.3-2021.10.linux64_1.0.0.202111181127/tools/bin/../lib/gcc/arm-none-eabi/10.3.1/../../../../arm-none-eabi/lib/thumb/v7e-m+fp/hard/libc_nano.a(lib_a-nano-vfprintf_i.o)
 .ARM.attributes
                0x0000000000000a67       0x34 /opt/st/stm32cubeide_1.9.0/plugins/com.st.stm32cube.ide.mcu.externaltools.gnu-tools-for-stm32.10.3-2021.10.linux64_1.0.0.202111181127/tools/bin/../lib/gcc/arm-none-eabi/10.3.1/../../../../arm-none-eabi/lib/thumb/v7e-m+fp/hard/libc_nano.a(lib_a-reent.o)
 .ARM.attributes
                0x0000000000000a9b       0x34 /opt/st/stm32cubeide_1.9.0/plugins/com.st.stm32cube.ide.mcu.externaltools.gnu-tools-for-stm32.10.3-2021.10.linux64_1.0.0.202111181127/tools/bin/../lib/gcc/arm-none-eabi/10.3.1/../../../../arm-none-eabi/lib/thumb/v7e-m+fp/hard/libc_nano.a(lib_a-lock.o)
 .ARM.attributes
                0x0000000000000acf       0x1c /opt/st/stm32cubeide_1.9.0/plugins/com.st.stm32cube.ide.mcu.externaltools.gnu-tools-for-stm32.10.3-2021.10.linux64_1.0.0.202111181127/tools/bin/../lib/gcc/arm-none-eabi/10.3.1/../../../../arm-none-eabi/lib/thumb/v7e-m+fp/hard/libc_nano.a(lib_a-memchr.o)
 .ARM.attributes
                0x0000000000000aeb       0x34 /opt/st/stm32cubeide_1.9.0/plugins/com.st.stm32cube.ide.mcu.externaltools.gnu-tools-for-stm32.10.3-2021.10.linux64_1.0.0.202111181127/tools/bin/../lib/gcc/arm-none-eabi/10.3.1/../../../../arm-none-eabi/lib/thumb/v7e-m+fp/hard/libc_nano.a(lib_a-memcpy-stub.o)
 .ARM.attributes
                0x0000000000000b1f       0x34 /opt/st/stm32cubeide_1.9.0/plugins/com.st.stm32cube.ide.mcu.externaltools.gnu-tools-for-stm32.10.3-2021.10.linux64_1.0.0.202111181127/tools/bin/../lib/gcc/arm-none-eabi/10.3.1/../../../../arm-none-eabi/lib/thumb/v7e-m+fp/hard/libc_nano.a(lib_a-memmove.o)
 .ARM.attributes
                0x0000000000000b53       0x34 /opt/st/stm32cubeide_1.9.0/plugins/com.st.stm32cube.ide.mcu.externaltools.gnu-tools-for-stm32.10.3-2021.10.linux64_1.0.0.202111181127/tools/bin/../lib/gcc/arm-none-eabi/10.3.1/../../../../arm-none-eabi/lib/thumb/v7e-m+fp/hard/libc_nano.a(lib_a-nano-reallocr.o)
 .ARM.attributes
                0x0000000000000b87       0x34 /opt/st/stm32cubeide_1.9.0/plugins/com.st.stm32cube.ide.mcu.externaltools.gnu-tools-for-stm32.10.3-2021.10.linux64_1.0.0.202111181127/tools/bin/../lib/gcc/arm-none-eabi/10.3.1/../../../../arm-none-eabi/lib/thumb/v7e-m+fp/hard/libc_nano.a(lib_a-nano-msizer.o)
 .ARM.attributes
                0x0000000000000bbb       0x1e /opt/st/stm32cubeide_1.9.0/plugins/com.st.stm32cube.ide.mcu.externaltools.gnu-tools-for-stm32.10.3-2021.10.linux64_1.0.0.202111181127/tools/bin/../lib/gcc/arm-none-eabi/10.3.1/thumb/v7e-m+fp/hard/libgcc.a(_aeabi_uldivmod.o)
 .ARM.attributes
                0x0000000000000bd9       0x34 /opt/st/stm32cubeide_1.9.0/plugins/com.st.stm32cube.ide.mcu.externaltools.gnu-tools-for-stm32.10.3-2021.10.linux64_1.0.0.202111181127/tools/bin/../lib/gcc/arm-none-eabi/10.3.1/thumb/v7e-m+fp/hard/libgcc.a(_udivmoddi4.o)
 .ARM.attributes
                0x0000000000000c0d       0x1e /opt/st/stm32cubeide_1.9.0/plugins/com.st.stm32cube.ide.mcu.externaltools.gnu-tools-for-stm32.10.3-2021.10.linux64_1.0.0.202111181127/tools/bin/../lib/gcc/arm-none-eabi/10.3.1/thumb/v7e-m+fp/hard/libgcc.a(_dvmd_tls.o)
 .ARM.attributes
                0x0000000000000c2b       0x1e /opt/st/stm32cubeide_1.9.0/plugins/com.st.stm32cube.ide.mcu.externaltools.gnu-tools-for-stm32.10.3-2021.10.linux64_1.0.0.202111181127/tools/bin/../lib/gcc/arm-none-eabi/10.3.1/thumb/v7e-m+fp/hard/crtn.o
OUTPUT(STM32F746_SDCARD_LCD_TOUCH.elf elf32-littlearm)
LOAD linker stubs
LOAD /opt/st/stm32cubeide_1.9.0/plugins/com.st.stm32cube.ide.mcu.externaltools.gnu-tools-for-stm32.10.3-2021.10.linux64_1.0.0.202111181127/tools/bin/../lib/gcc/arm-none-eabi/10.3.1/../../../../arm-none-eabi/lib/thumb/v7e-m+fp/hard/libc.a
LOAD /opt/st/stm32cubeide_1.9.0/plugins/com.st.stm32cube.ide.mcu.externaltools.gnu-tools-for-stm32.10.3-2021.10.linux64_1.0.0.202111181127/tools/bin/../lib/gcc/arm-none-eabi/10.3.1/../../../../arm-none-eabi/lib/thumb/v7e-m+fp/hard/libm.a