../Core/Src/main.c:82:9:string_compare	32	static
../Core/Src/main.c:96:6:Message_handler	8	static
../Core/Src/main.c:124:5:main	40	static
../Core/Src/main.c:238:6:SystemClock_Config	72	static
../Core/Src/main.c:278:13:MX_SPI1_Init	8	static
../Core/Src/main.c:316:13:MX_TIM2_Init	32	static
../Core/Src/main.c:361:13:MX_USART1_UART_Init	8	static
../Core/Src/main.c:394:13:MX_USART2_UART_Init	8	static
../Core/Src/main.c:427:13:MX_GPIO_Init	40	static
../Core/Src/main.c:488:1:__io_putchar	16	static
../Core/Src/main.c:502:6:Error_Handler	4	static,ignoring_inline_asm
