../Src/ssd1306.c:60:6:SSD1306_ScrollRight	16	static
../Src/ssd1306.c:73:6:SSD1306_ScrollLeft	16	static
../Src/ssd1306.c:86:6:SSD1306_Scrolldiagright	16	static
../Src/ssd1306.c:102:6:SSD1306_Scrolldiagleft	16	static
../Src/ssd1306.c:118:6:SSD1306_Stopscroll	8	static
../Src/ssd1306.c:125:6:SSD1306_InvertDisplay	16	static
../Src/ssd1306.c:134:6:SSD1306_DrawBitmap	32	static
../Src/ssd1306.c:158:9:SSD1306_Init	16	static
../Src/ssd1306.c:224:6:SSD1306_UpdateScreen	16	static
../Src/ssd1306.c:237:6:SSD1306_ToggleInvert	16	static
../Src/ssd1306.c:249:6:SSD1306_Fill	16	static
../Src/ssd1306.c:254:6:SSD1306_DrawPixel	16	static
../Src/ssd1306.c:276:6:SSD1306_GotoXY	16	static
../Src/ssd1306.c:282:6:SSD1306_Putc	32	static
../Src/ssd1306.c:313:6:SSD1306_Puts	24	static
../Src/ssd1306.c:331:6:SSD1306_DrawLine	40	static
../Src/ssd1306.c:415:6:SSD1306_DrawRectangle	32	static
../Src/ssd1306.c:440:6:SSD1306_DrawFilledRectangle	40	static
../Src/ssd1306.c:467:6:SSD1306_DrawTriangle	32	static
../Src/ssd1306.c:475:6:SSD1306_DrawFilledTriangle	64	static
../Src/ssd1306.c:531:6:SSD1306_DrawCircle	40	static
../Src/ssd1306.c:565:6:SSD1306_DrawFilledCircle	48	static
../Src/ssd1306.c:598:6:SSD1306_Clear	8	static
../Src/ssd1306.c:603:6:SSD1306_ON	8	static
../Src/ssd1306.c:608:6:SSD1306_OFF	8	static
../Src/ssd1306.c:624:6:ssd1306_I2C_Init	16	static
../Src/ssd1306.c:636:6:ssd1306_I2C_WriteMulti	296	static
../Src/ssd1306.c:646:6:ssd1306_I2C_Write	32	static
