../../Middlewares/ST/touchgfx/framework/include/touchgfx/hal/HAL.hpp:124:18:virtual void touchgfx::HAL::setDisplayOrientation(touchgfx::DisplayOrientation)	0	static
../../Middlewares/ST/touchgfx/framework/include/touchgfx/hal/HAL.hpp:648:18:virtual bool touchgfx::HAL::sampleKey(uint8_t&)	0	static
../../Middlewares/ST/touchgfx/framework/include/touchgfx/hal/HAL.hpp:714:18:virtual void touchgfx::HAL::setAnimationStorage(void*)	0	static
../../Middlewares/ST/touchgfx/framework/include/touchgfx/hal/HAL.hpp:853:30:virtual touchgfx::FlashDataReader* touchgfx::HAL::getFlashDataReader() const	0	static
../../Middlewares/ST/touchgfx/framework/include/touchgfx/hal/HAL.hpp:1002:18:virtual void touchgfx::HAL::taskDelay(uint16_t)	0	static
../../Middlewares/ST/touchgfx/framework/include/touchgfx/hal/HAL.hpp:1029:22:virtual uint16_t touchgfx::HAL::getTFTCurrentLine()	0	static
../../Middlewares/ST/touchgfx/framework/include/touchgfx/hal/HAL.hpp:1040:21:virtual touchgfx::DMAType touchgfx::HAL::getDMAType()	0	static
../../Drivers/CMSIS/Include/core_cm7.h:2427:22:void SCB_CleanInvalidateDCache()	16	static,ignoring_inline_asm
/home/lime/Documents/Delameta_Work/MyApplication/TouchGFX/target/generated/TouchGFXGeneratedHAL.cpp:70:6:virtual void TouchGFXGeneratedHAL::configureInterrupts()	0	static
/home/lime/Documents/Delameta_Work/MyApplication/TouchGFX/target/generated/TouchGFXGeneratedHAL.cpp:88:6:virtual void TouchGFXGeneratedHAL::enableLCDControllerInterrupt()	0	static
/home/lime/Documents/Delameta_Work/MyApplication/TouchGFX/target/generated/TouchGFXGeneratedHAL.cpp:114:11:virtual uint16_t* TouchGFXGeneratedHAL::getTFTFrameBuffer() const	0	static
/home/lime/Documents/Delameta_Work/MyApplication/TouchGFX/target/generated/TouchGFXGeneratedHAL.cpp:119:6:virtual void TouchGFXGeneratedHAL::setTFTFrameBuffer(uint16_t*)	0	static
/home/lime/Documents/Delameta_Work/MyApplication/TouchGFX/target/generated/TouchGFXGeneratedHAL.cpp:145:6:virtual void TouchGFXGeneratedHAL::InvalidateCache()	0	static
../../TouchGFX/target/generated/DoubleBufferedVideoController.hpp:32:7:DoubleBufferedVideoController<1, 480, 272, 960, touchgfx::Bitmap::RGB565>::~DoubleBufferedVideoController()	0	static
../../TouchGFX/target/generated/TouchGFXGeneratedHAL.hpp:30:7:TouchGFXGeneratedHAL::~TouchGFXGeneratedHAL()	0	static
../../TouchGFX/target/generated/DoubleBufferedVideoController.hpp:83:10:void DoubleBufferedVideoController<no_streams, width, height, stride, output_format>::unregisterVideoWidget(touchgfx::VideoController::Handle) [with long unsigned int no_streams = 1; long unsigned int width = 480; long unsigned int height = 272; long unsigned int stride = 960; touchgfx::Bitmap::BitmapFormat output_format = touchgfx::Bitmap::RGB565]	0	static
../../TouchGFX/target/generated/DoubleBufferedVideoController.hpp:272:10:void DoubleBufferedVideoController<no_streams, width, height, stride, output_format>::draw(touchgfx::VideoController::Handle, const touchgfx::Rect&, const touchgfx::VideoWidget&) [with long unsigned int no_streams = 1; long unsigned int width = 480; long unsigned int height = 272; long unsigned int stride = 960; touchgfx::Bitmap::BitmapFormat output_format = touchgfx::Bitmap::RGB565]	0	static
/home/lime/Documents/Delameta_Work/MyApplication/TouchGFX/target/generated/TouchGFXGeneratedHAL.cpp:56:6:virtual void TouchGFXGeneratedHAL::initialize()	16	static
/home/lime/Documents/Delameta_Work/MyApplication/TouchGFX/target/generated/TouchGFXGeneratedHAL.cpp:99:6:virtual bool TouchGFXGeneratedHAL::beginFrame()	0	static
/home/lime/Documents/Delameta_Work/MyApplication/TouchGFX/target/generated/TouchGFXGeneratedHAL.cpp:104:6:virtual void TouchGFXGeneratedHAL::endFrame()	0	static
/home/lime/Documents/Delameta_Work/MyApplication/TouchGFX/target/generated/TouchGFXGeneratedHAL.cpp:127:6:virtual void TouchGFXGeneratedHAL::flushFrameBuffer(const touchgfx::Rect&)	8	static
/home/lime/Documents/Delameta_Work/MyApplication/TouchGFX/target/generated/TouchGFXGeneratedHAL.cpp:140:6:virtual bool TouchGFXGeneratedHAL::blockCopy(void*, const void*, uint32_t)	0	static
../../Middlewares/ST/touchgfx/framework/include/touchgfx/hal/HAL.hpp:616:18:virtual void touchgfx::HAL::backPorchExited()	8	static
../../TouchGFX/target/generated/TouchGFXGeneratedHAL.hpp:106:18:virtual void TouchGFXGeneratedHAL::flushFrameBuffer()	0	static
../../TouchGFX/target/generated/TouchGFXGeneratedHAL.hpp:30:7:virtual TouchGFXGeneratedHAL::~TouchGFXGeneratedHAL()	8	static
../../TouchGFX/target/generated/DoubleBufferedVideoController.hpp:32:7:virtual DoubleBufferedVideoController<1, 480, 272, 960, touchgfx::Bitmap::RGB565>::~DoubleBufferedVideoController()	8	static
../../Middlewares/ST/touchgfx/framework/include/touchgfx/hal/HAL.hpp:298:28:virtual touchgfx::BlitOperations touchgfx::HAL::getBlitCaps()	0	static
../../Middlewares/ST/touchgfx/framework/include/touchgfx/hal/HAL.hpp:1150:18:virtual void touchgfx::HAL::performDisplayOrientationChange()	8	static
../../Middlewares/ST/touchgfx/framework/include/touchgfx/hal/HAL.hpp:697:18:virtual void touchgfx::HAL::setFrameBufferStartAddresses(void*, void*, void*)	16	static
../../Middlewares/ST/touchgfx/framework/include/touchgfx/hal/HAL.hpp:156:18:virtual void touchgfx::HAL::setFrameBufferSize(uint16_t, uint16_t)	8	static
../../TouchGFX/target/generated/DoubleBufferedVideoController.hpp:388:10:bool DoubleBufferedVideoController<no_streams, width, height, stride, output_format>::getIsPlaying(touchgfx::VideoController::Handle) [with long unsigned int no_streams = 1; long unsigned int width = 480; long unsigned int height = 272; long unsigned int stride = 960; touchgfx::Bitmap::BitmapFormat output_format = touchgfx::Bitmap::RGB565]	8	static
../../TouchGFX/target/generated/DoubleBufferedVideoController.hpp:382:10:void DoubleBufferedVideoController<no_streams, width, height, stride, output_format>::getVideoInformation(touchgfx::VideoController::Handle, touchgfx::VideoInformation*) [with long unsigned int no_streams = 1; long unsigned int width = 480; long unsigned int height = 272; long unsigned int stride = 960; touchgfx::Bitmap::BitmapFormat output_format = touchgfx::Bitmap::RGB565]	8	static
../../TouchGFX/target/generated/DoubleBufferedVideoController.hpp:103:14:uint32_t DoubleBufferedVideoController<no_streams, width, height, stride, output_format>::getCurrentFrameNumber(touchgfx::VideoController::Handle) [with long unsigned int no_streams = 1; long unsigned int width = 480; long unsigned int height = 272; long unsigned int stride = 960; touchgfx::Bitmap::BitmapFormat output_format = touchgfx::Bitmap::RGB565]	8	static
../../TouchGFX/target/generated/DoubleBufferedVideoController.hpp:110:10:void DoubleBufferedVideoController<no_streams, width, height, stride, output_format>::setFrameRate(touchgfx::VideoController::Handle, uint32_t, uint32_t) [with long unsigned int no_streams = 1; long unsigned int width = 480; long unsigned int height = 272; long unsigned int stride = 960; touchgfx::Bitmap::BitmapFormat output_format = touchgfx::Bitmap::RGB565]	8	static
../../TouchGFX/target/generated/DoubleBufferedVideoController.hpp:143:10:void DoubleBufferedVideoController<no_streams, width, height, stride, output_format>::setCommand(touchgfx::VideoController::Handle, touchgfx::VideoController::Command, uint32_t) [with long unsigned int no_streams = 1; long unsigned int width = 480; long unsigned int height = 272; long unsigned int stride = 960; touchgfx::Bitmap::BitmapFormat output_format = touchgfx::Bitmap::RGB565]	8	static
../../TouchGFX/target/generated/DoubleBufferedVideoController.hpp:210:10:bool DoubleBufferedVideoController<no_streams, width, height, stride, output_format>::updateFrame(touchgfx::VideoController::Handle, touchgfx::VideoWidget&) [with long unsigned int no_streams = 1; long unsigned int width = 480; long unsigned int height = 272; long unsigned int stride = 960; touchgfx::Bitmap::BitmapFormat output_format = touchgfx::Bitmap::RGB565]	16	static
/home/lime/Documents/Delameta_Work/MyApplication/TouchGFX/target/generated/TouchGFXGeneratedHAL.cpp:76:6:virtual void TouchGFXGeneratedHAL::enableInterrupts()	0	static
/home/lime/Documents/Delameta_Work/MyApplication/TouchGFX/target/generated/TouchGFXGeneratedHAL.cpp:82:6:virtual void TouchGFXGeneratedHAL::disableInterrupts()	0	static,ignoring_inline_asm
../../TouchGFX/target/generated/DoubleBufferedVideoController.hpp:50:12:touchgfx::VideoController::Handle DoubleBufferedVideoController<no_streams, width, height, stride, output_format>::registerVideoWidget(touchgfx::VideoWidget&) [with long unsigned int no_streams = 1; long unsigned int width = 480; long unsigned int height = 272; long unsigned int stride = 960; touchgfx::Bitmap::BitmapFormat output_format = touchgfx::Bitmap::RGB565]	16	static
/home/lime/Documents/Delameta_Work/MyApplication/TouchGFX/target/generated/TouchGFXGeneratedHAL.cpp:36:18:static touchgfx::VideoController& touchgfx::VideoController::getInstance()	0	static
/home/lime/Documents/Delameta_Work/MyApplication/TouchGFX/target/generated/TouchGFXGeneratedHAL.cpp:176:10:void HAL_LTDC_LineEventCallback(LTDC_HandleTypeDef*)	8	static
../../TouchGFX/target/generated/DoubleBufferedVideoController.hpp:302:10:void DoubleBufferedVideoController<no_streams, width, height, stride, output_format>::decoderTaskEntry() [with long unsigned int no_streams = 1; long unsigned int width = 480; long unsigned int height = 272; long unsigned int stride = 960; touchgfx::Bitmap::BitmapFormat output_format = touchgfx::Bitmap::RGB565]	40	static
/home/lime/Documents/Delameta_Work/MyApplication/TouchGFX/target/generated/TouchGFXGeneratedHAL.cpp:169:17:void videoTaskFunc(void*)	8	static
../../TouchGFX/target/generated/DoubleBufferedVideoController.hpp:501:10:void DoubleBufferedVideoController<no_streams, width, height, stride, output_format>::clearState(touchgfx::VideoController::Handle) [with long unsigned int no_streams = 1; long unsigned int width = 480; long unsigned int height = 272; long unsigned int stride = 960; touchgfx::Bitmap::BitmapFormat output_format = touchgfx::Bitmap::RGB565]	16	static
../../TouchGFX/target/generated/DoubleBufferedVideoController.hpp:135:10:void DoubleBufferedVideoController<no_streams, width, height, stride, output_format>::setVideoData(touchgfx::VideoController::Handle, touchgfx::VideoDataReader&) [with long unsigned int no_streams = 1; long unsigned int width = 480; long unsigned int height = 272; long unsigned int stride = 960; touchgfx::Bitmap::BitmapFormat output_format = touchgfx::Bitmap::RGB565]	16	static
../../TouchGFX/target/generated/DoubleBufferedVideoController.hpp:126:10:void DoubleBufferedVideoController<no_streams, width, height, stride, output_format>::setVideoData(touchgfx::VideoController::Handle, const uint8_t*, uint32_t) [with long unsigned int no_streams = 1; long unsigned int width = 480; long unsigned int height = 272; long unsigned int stride = 960; touchgfx::Bitmap::BitmapFormat output_format = touchgfx::Bitmap::RGB565]	16	static
/home/lime/Documents/Delameta_Work/MyApplication/TouchGFX/target/generated/TouchGFXGeneratedHAL.cpp:206:1:cpp)	16	static
