../Core/Src/main.c:71:9:decToBcd	16	static
../Core/Src/main.c:75:5:bcdToDec	16	static
../Core/Src/main.c:92:6:setTime	48	static
../Core/Src/main.c:105:6:getTime	32	static
../Core/Src/main.c:123:5:main	24	static
../Core/Src/main.c:189:6:SystemClock_Config	88	static
../Core/Src/main.c:243:13:MX_I2C1_Init	8	static
../Core/Src/main.c:291:13:MX_SPI2_Init	8	static
../Core/Src/main.c:331:13:MX_USART6_UART_Init	8	static
../Core/Src/main.c:366:13:MX_GPIO_Init	72	static
../Core/Src/main.c:856:6:Error_Handler	4	static,ignoring_inline_asm
