11:38:24 **** Incremental Build of configuration Debug for project Disco-ADC_IT_UART_DMA ****
make -j4 all 
arm-none-eabi-gcc "../Core/Src/main.c" -mcpu=cortex-m7 -std=gnu11 -g3 -DDEBUG -DUSE_HAL_DRIVER -DSTM32F746xx -c -I../Core/Inc -I../Drivers/STM32F7xx_HAL_Driver/Inc -I../Drivers/STM32F7xx_HAL_Driver/Inc/Legacy -I../Drivers/CMSIS/Device/ST/STM32F7xx/Include -I../Drivers/CMSIS/Include -I"../GUI files" -O0 -ffunction-sections -fdata-sections -Wall -fstack-usage -MMD -MP -MF"Core/Src/main.d" -MT"Core/Src/main.o" --specs=nano.specs -mfpu=fpv5-sp-d16 -mfloat-abi=hard -mthumb -o "Core/Src/main.o"
arm-none-eabi-gcc -o "Disco-ADC_IT_UART_DMA.elf" @"objects.list"   -mcpu=cortex-m7 -T"/media/lime/ILHAMDEST/Disco-ADC_IT_UART_DMA/Disco-ADC_IT_UART_DMA/STM32F746NGHX_FLASH.ld" --specs=nosys.specs -Wl,-Map="Disco-ADC_IT_UART_DMA.map" -Wl,--gc-sections -static --specs=nano.specs -mfpu=fpv5-sp-d16 -mfloat-abi=hard -mthumb -Wl,--start-group -lc -lm -Wl,--end-group
Finished building target: Disco-ADC_IT_UART_DMA.elf
 
arm-none-eabi-size   Disco-ADC_IT_UART_DMA.elf 
arm-none-eabi-objdump -h -S  Disco-ADC_IT_UART_DMA.elf  > "Disco-ADC_IT_UART_DMA.list"
   text	   data	    bss	    dec	    hex	filename
  38592	     72	   2936	  41600	   a280	Disco-ADC_IT_UART_DMA.elf
Finished building: default.size.stdout
 
Finished building: Disco-ADC_IT_UART_DMA.list
 

11:38:27 Build Finished. 0 errors, 0 warnings. (took 3s.457ms)

