19:35:22 **** Incremental Build of configuration Debug for project IlhamDestyo_Tugas_ADC_PWM_WithGTK ****
make -j4 all 
arm-none-eabi-gcc "../Core/Src/main.c" -mcpu=cortex-m7 -std=gnu11 -g3 -DDEBUG -DUSE_HAL_DRIVER -DSTM32F746xx -c -I../Core/Inc -I../Drivers/STM32F7xx_HAL_Driver/Inc -I../Drivers/STM32F7xx_HAL_Driver/Inc/Legacy -I../Drivers/CMSIS/Device/ST/STM32F7xx/Include -I../Drivers/CMSIS/Include -O0 -ffunction-sections -fdata-sections -Wall -fstack-usage -MMD -MP -MF"Core/Src/main.d" -MT"Core/Src/main.o" --specs=nano.specs -mfpu=fpv5-sp-d16 -mfloat-abi=hard -mthumb -o "Core/Src/main.o"
../Core/Src/main.c: In function 'IntToChar':
../Core/Src/main.c:92:20: warning: implicit declaration of function 'malloc' [-Wimplicit-function-declaration]
   92 |  char *chr=(char *)malloc(1 * sizeof (char));
      |                    ^~~~~~
../Core/Src/main.c:92:20: warning: incompatible implicit declaration of built-in function 'malloc'
../Core/Src/main.c:26:1: note: include '<stdlib.h>' or provide a declaration of 'malloc'
   25 | #include <stdio.h>
  +++ |+#include <stdlib.h>
   26 | 
../Core/Src/main.c: In function 'main':
../Core/Src/main.c:155:31: warning: pointer targets in passing argument 2 of 'HAL_UART_Transmit' differ in signedness [-Wpointer-sign]
  155 |    HAL_UART_Transmit(&huart1, IntToChar(adcval), 10, 100);
      |                               ^~~~~~~~~~~~~~~~~
      |                               |
      |                               char *
In file included from ../Core/Inc/stm32f7xx_hal_conf.h:411,
                 from ../Drivers/STM32F7xx_HAL_Driver/Inc/stm32f7xx_hal.h:29,
                 from ../Core/Inc/main.h:30,
                 from ../Core/Src/main.c:20:
../Drivers/STM32F7xx_HAL_Driver/Inc/stm32f7xx_hal_uart.h:1530:79: note: expected 'const uint8_t *' {aka 'const unsigned char *'} but argument is of type 'char *'
 1530 | HAL_StatusTypeDef HAL_UART_Transmit(UART_HandleTypeDef *huart, const uint8_t *pData, uint16_t Size, uint32_t Timeout);
      |                                                                ~~~~~~~~~~~~~~~^~~~~
arm-none-eabi-gcc -o "IlhamDestyo_Tugas_ADC_PWM_WithGTK.elf" @"objects.list"   -mcpu=cortex-m7 -T"/home/lime/Documents/STM32CubeIDE/myWorkspace/IlhamDestyo_Tugas_ADC_PWM_WithGTK/STM32F746NGHX_FLASH.ld" --specs=nosys.specs -Wl,-Map="IlhamDestyo_Tugas_ADC_PWM_WithGTK.map" -Wl,--gc-sections -static --specs=nano.specs -mfpu=fpv5-sp-d16 -mfloat-abi=hard -mthumb -Wl,--start-group -lc -lm -Wl,--end-group
Finished building target: IlhamDestyo_Tugas_ADC_PWM_WithGTK.elf
 
arm-none-eabi-size   IlhamDestyo_Tugas_ADC_PWM_WithGTK.elf 
arm-none-eabi-objdump -h -S  IlhamDestyo_Tugas_ADC_PWM_WithGTK.elf  > "IlhamDestyo_Tugas_ADC_PWM_WithGTK.list"
   text	   data	    bss	    dec	    hex	filename
  17504	    120	  34160	  51784	   ca48	IlhamDestyo_Tugas_ADC_PWM_WithGTK.elf
Finished building: default.size.stdout
 
Finished building: IlhamDestyo_Tugas_ADC_PWM_WithGTK.list
 

19:35:23 Build Finished. 0 errors, 3 warnings. (took 1s.308ms)

