17:38:25 **** Incremental Build of configuration Debug for project Proj_STM32F103C6_TimerPWM ****
make -j4 all 
arm-none-eabi-gcc "../Core/Src/main.c" -mcpu=cortex-m3 -std=gnu11 -g3 -DDEBUG -DUSE_HAL_DRIVER -DSTM32F103x6 -c -I../Core/Inc -I../Drivers/STM32F1xx_HAL_Driver/Inc -I../Drivers/STM32F1xx_HAL_Driver/Inc/Legacy -I../Drivers/CMSIS/Device/ST/STM32F1xx/Include -I../Drivers/CMSIS/Include -O0 -ffunction-sections -fdata-sections -Wall -fstack-usage -MMD -MP -MF"Core/Src/main.d" -MT"Core/Src/main.o" --specs=nano.specs -mfloat-abi=soft -mthumb -o "Core/Src/main.o"
arm-none-eabi-gcc -o "Proj_STM32F103C6_TimerPWM.elf" @"objects.list"   -mcpu=cortex-m3 -T"/home/lime/Documents/STM32CubeIDE/myWorkspace/Proj_STM32F103C6_TimerPWM/STM32F103C6TX_FLASH.ld" --specs=nosys.specs -Wl,-Map="Proj_STM32F103C6_TimerPWM.map" -Wl,--gc-sections -static --specs=nano.specs -mfloat-abi=soft -mthumb -Wl,--start-group -lc -lm -Wl,--end-group
Finished building target: Proj_STM32F103C6_TimerPWM.elf
 
arm-none-eabi-size   Proj_STM32F103C6_TimerPWM.elf 
arm-none-eabi-objdump -h -S  Proj_STM32F103C6_TimerPWM.elf  > "Proj_STM32F103C6_TimerPWM.list"
   text	   data	    bss	    dec	    hex	filename
   8016	     20	   1644	   9680	   25d0	Proj_STM32F103C6_TimerPWM.elf
Finished building: default.size.stdout
 
Finished building: Proj_STM32F103C6_TimerPWM.list
 

17:38:26 Build Finished. 0 errors, 0 warnings. (took 1s.406ms)

