15:23:20 **** Incremental Build of configuration Debug for project Proj_STM32F746DISCO_I2C ****
make -j4 all 
arm-none-eabi-gcc "../Src/main.c" -mcpu=cortex-m7 -std=gnu11 -g3 -DDEBUG -DUSE_HAL_DRIVER -DSTM32F746xx -c -I../Inc -I../Drivers/STM32F7xx_HAL_Driver/Inc -I../Drivers/STM32F7xx_HAL_Driver/Inc/Legacy -I../Drivers/CMSIS/Device/ST/STM32F7xx/Include -I../Drivers/CMSIS/Include -I"/home/lime/Documents/STM32CubeIDE/myWorkspace/Proj_STM32F746DISCO_I2C/Src" -O0 -ffunction-sections -fdata-sections -Wall -fstack-usage -MMD -MP -MF"Src/main.d" -MT"Src/main.o" --specs=nano.specs -mfpu=fpv5-sp-d16 -mfloat-abi=hard -mthumb -o "Src/main.o"
arm-none-eabi-gcc -o "Proj_STM32F746DISCO_I2C.elf" @"objects.list"   -mcpu=cortex-m7 -T"/home/lime/Documents/STM32CubeIDE/myWorkspace/Proj_STM32F746DISCO_I2C/STM32F746NGHX_FLASH.ld" --specs=nosys.specs -Wl,-Map="Proj_STM32F746DISCO_I2C.map" -Wl,--gc-sections -static --specs=nano.specs -mfpu=fpv5-sp-d16 -mfloat-abi=hard -mthumb -Wl,--start-group -lc -lm -Wl,--end-group
Finished building target: Proj_STM32F746DISCO_I2C.elf
 
arm-none-eabi-size   Proj_STM32F746DISCO_I2C.elf 
arm-none-eabi-objdump -h -S  Proj_STM32F746DISCO_I2C.elf  > "Proj_STM32F746DISCO_I2C.list"
   text	   data	    bss	    dec	    hex	filename
  20860	     28	   2684	  23572	   5c14	Proj_STM32F746DISCO_I2C.elf
Finished building: default.size.stdout
 
Finished building: Proj_STM32F746DISCO_I2C.list
 

15:23:21 Build Finished. 0 errors, 0 warnings. (took 1s.595ms)

